###############################################################################
#
# IAR ELF Linker V8.20.1.14183/W32 for ARM                11/Mar/2020  17:51:52
# Copyright 2007-2017 IAR Systems AB.
#
#    Output file  =  E:\AB05-Test\ab05-sample2\ab05\project\Debug\Exe\ab05.out
#    Map file     =  E:\AB05-Test\ab05-sample2\ab05\project\Debug\List\ab05.map
#    Command line =  
#        -f C:\Users\Leo\AppData\Local\Temp\EWE7CC.tmp
#        (E:\AB05-Test\ab05-sample2\ab05\project\Debug\Obj\aic5.o
#        E:\AB05-Test\ab05-sample2\ab05\project\Debug\Obj\board_audio.o
#        E:\AB05-Test\ab05-sample2\ab05\project\Debug\Obj\board_console.o
#        E:\AB05-Test\ab05-sample2\ab05\project\Debug\Obj\board_sama5d2-xplained.o
#        E:\AB05-Test\ab05-sample2\ab05\project\Debug\Obj\board_spi.o
#        E:\AB05-Test\ab05-sample2\ab05\project\Debug\Obj\board_support.o
#        E:\AB05-Test\ab05-sample2\ab05\project\Debug\Obj\board_timer.o
#        E:\AB05-Test\ab05-sample2\ab05\project\Debug\Obj\board_twi.o
#        E:\AB05-Test\ab05-sample2\ab05\project\Debug\Obj\bus.o
#        E:\AB05-Test\ab05-sample2\ab05\project\Debug\Obj\cache.o
#        E:\AB05-Test\ab05-sample2\ab05\project\Debug\Obj\callback.o
#        E:\AB05-Test\ab05-sample2\ab05\project\Debug\Obj\chip.o
#        E:\AB05-Test\ab05-sample2\ab05\project\Debug\Obj\chip_common.o
#        E:\AB05-Test\ab05-sample2\ab05\project\Debug\Obj\codec.o
#        E:\AB05-Test\ab05-sample2\ab05\project\Debug\Obj\console.o
#        E:\AB05-Test\ab05-sample2\ab05\project\Debug\Obj\cstartup.o
#        E:\AB05-Test\ab05-sample2\ab05\project\Debug\Obj\ddram.o
#        E:\AB05-Test\ab05-sample2\ab05\project\Debug\Obj\dma.o
#        E:\AB05-Test\ab05-sample2\ab05\project\Debug\Obj\dma_xdmac.o
#        E:\AB05-Test\ab05-sample2\ab05\project\Debug\Obj\fault_handlers.o
#        E:\AB05-Test\ab05-sample2\ab05\project\Debug\Obj\flexcom.o
#        E:\AB05-Test\ab05-sample2\ab05\project\Debug\Obj\intmath.o
#        E:\AB05-Test\ab05-sample2\ab05\project\Debug\Obj\irq.o
#        E:\AB05-Test\ab05-sample2\ab05\project\Debug\Obj\l1cache_cp15.o
#        E:\AB05-Test\ab05-sample2\ab05\project\Debug\Obj\l2cache_l2cc.o
#        E:\AB05-Test\ab05-sample2\ab05\project\Debug\Obj\main.o
#        E:\AB05-Test\ab05-sample2\ab05\project\Debug\Obj\main_descriptors.o
#        E:\AB05-Test\ab05-sample2\ab05\project\Debug\Obj\main_usb_common.o
#        E:\AB05-Test\ab05-sample2\ab05\project\Debug\Obj\matrix.o
#        E:\AB05-Test\ab05-sample2\ab05\project\Debug\Obj\mmu_cp15.o
#        E:\AB05-Test\ab05-sample2\ab05\project\Debug\Obj\mpddrc.o
#        E:\AB05-Test\ab05-sample2\ab05\project\Debug\Obj\mutex.o
#        E:\AB05-Test\ab05-sample2\ab05\project\Debug\Obj\nfc.o
#        E:\AB05-Test\ab05-sample2\ab05\project\Debug\Obj\pio4.o
#        E:\AB05-Test\ab05-sample2\ab05\project\Debug\Obj\piobu.o
#        E:\AB05-Test\ab05-sample2\ab05\project\Debug\Obj\pit.o
#        E:\AB05-Test\ab05-sample2\ab05\project\Debug\Obj\pmc.o
#        E:\AB05-Test\ab05-sample2\ab05\project\Debug\Obj\pwmc.o
#        E:\AB05-Test\ab05-sample2\ab05\project\Debug\Obj\rand.o
#        E:\AB05-Test\ab05-sample2\ab05\project\Debug\Obj\rstc.o
#        E:\AB05-Test\ab05-sample2\ab05\project\Debug\Obj\rtc.o
#        E:\AB05-Test\ab05-sample2\ab05\project\Debug\Obj\secumod.o
#        E:\AB05-Test\ab05-sample2\ab05\project\Debug\Obj\seriald.o
#        E:\AB05-Test\ab05-sample2\ab05\project\Debug\Obj\sfc.o
#        E:\AB05-Test\ab05-sample2\ab05\project\Debug\Obj\sfrbu.o
#        E:\AB05-Test\ab05-sample2\ab05\project\Debug\Obj\shdwc.o
#        E:\AB05-Test\ab05-sample2\ab05\project\Debug\Obj\slowclock_sckc.o
#        E:\AB05-Test\ab05-sample2\ab05\project\Debug\Obj\smc.o
#        E:\AB05-Test\ab05-sample2\ab05\project\Debug\Obj\spi.o
#        E:\AB05-Test\ab05-sample2\ab05\project\Debug\Obj\spid.o
#        E:\AB05-Test\ab05-sample2\ab05\project\Debug\Obj\ssc.o
#        E:\AB05-Test\ab05-sample2\ab05\project\Debug\Obj\syscalls.o
#        E:\AB05-Test\ab05-sample2\ab05\project\Debug\Obj\tc.o
#        E:\AB05-Test\ab05-sample2\ab05\project\Debug\Obj\tcd.o
#        E:\AB05-Test\ab05-sample2\ab05\project\Debug\Obj\timer.o
#        E:\AB05-Test\ab05-sample2\ab05\project\Debug\Obj\trace.o
#        E:\AB05-Test\ab05-sample2\ab05\project\Debug\Obj\twi.o
#        E:\AB05-Test\ab05-sample2\ab05\project\Debug\Obj\twid.o
#        E:\AB05-Test\ab05-sample2\ab05\project\Debug\Obj\uart.o
#        E:\AB05-Test\ab05-sample2\ab05\project\Debug\Obj\uif_list.o
#        E:\AB05-Test\ab05-sample2\ab05\project\Debug\Obj\usart.o
#        E:\AB05-Test\ab05-sample2\ab05\project\Debug\Obj\usartd.o
#        E:\AB05-Test\ab05-sample2\ab05\project\Debug\Obj\usbd_udphs.o
#        E:\AB05-Test\ab05-sample2\ab05\project\Debug\Obj\wdt.o
#        E:\AB05-Test\ab05-sample2\ab05\project\Debug\Obj\xdmac.o -o
#        E:\AB05-Test\ab05-sample2\ab05\project\Debug\Exe\ab05.out --map
#        E:\AB05-Test\ab05-sample2\ab05\project\Debug\List\ab05.map --config
#        E:\AB05-Test\atmel-software-package\target\sama5d2\toolchain\iar\ddram.icf
#        --semihosting
#        E:\AB05-Test\github-atmel\usb_devices\build\Debug\Exe\usb_device.a
#        --entry __iar_program_start --vfe --text_out locale)
#
###############################################################################

*******************************************************************************
*** RUNTIME MODEL ATTRIBUTES
***

CppFlavor       = *
__Heap_Handler  = DLMalloc
__SystemLibrary = DLib
__dlib_version  = 6


*******************************************************************************
*** HEAP SELECTION
***

The advanced heap was selected because the application calls memory
allocation functions outside of system library functions, and there
are calls to deallocation functions in the application.


*******************************************************************************
*** PLACEMENT SUMMARY
***

"A0":  place at start of [from 0x00200000 to 0x0021ffff] { section .vectors };
"A1":  place at start of [from 0x20000000 to 0x23ffffff] { section .cstartup };
"P2":  place in [from 0x20000000 to 0x23ffffff] { ro };
"P3":  place in [from 0x20000000 to 0x23ffffff] { rw };
define block CACHE_ALIGNED_CONST
   with alignment = 32 { section .region_cache_aligned_const };
"P4":  place in [from 0x20000000 to 0x23ffffff] { block CACHE_ALIGNED_CONST };
"P5":  place in [from 0x20000000 to 0x23ffffff] { zi };
define block CACHE_ALIGNED
   with alignment = 32 { section .region_cache_aligned };
"P6":  place in [from 0x20000000 to 0x23ffffff] { block CACHE_ALIGNED };
define block DDRAM { section .region_ddr };
"P7":  place in [from 0x20000000 to 0x23ffffff] { block DDRAM };
define block HEAP with size = 32M, alignment = 4 { };
"P8":  place in [from 0x20000000 to 0x23ffffff] { block HEAP };
define block IRQ_STACK with size = 96, alignment = 8 { };
"P9":  place in [from 0x20000000 to 0x23ffffff] { block IRQ_STACK };
define block FIQ_STACK with size = 96, alignment = 8 { };
"P10": place in [from 0x20000000 to 0x23ffffff] { block FIQ_STACK };
define block ABT_STACK with size = 64, alignment = 8 { };
"P11": place in [from 0x20000000 to 0x23ffffff] { block ABT_STACK };
define block UND_STACK with size = 64, alignment = 8 { };
"P12": place in [from 0x20000000 to 0x23ffffff] { block UND_STACK };
define block SYS_STACK with size = 64, alignment = 8 { };
"P13": place in [from 0x20000000 to 0x23ffffff] { block SYS_STACK };
define block CSTACK with size = 512K, alignment = 8 { };
"P14": place in [from 0x20000000 to 0x23ffffff] { block CSTACK };
do not initialize { section .region_cache_aligned };
initialize by copy with packing = copy, complex ranges { section .vectors };

No sections matched the following patterns:

  section .region_cache_aligned_const  in block CACHE_ALIGNED_CONST
  section .region_ddr                  in block DDRAM
  section .region_nocache              in block NO_CACHE
  section .region_sram                 in block SRAM


  Section                 Kind        Address     Size  Object
  -------                 ----        -------     ----  ------
"A0":                                             0x3c
  section .vectors-1               0x00200000     0x3c  <Init block>
    .vectors              inited   0x00200000     0x3c  cstartup.o [1]
                                 - 0x0020003c     0x3c

"A1":                                             0xe0
  .cstartup               ro code  0x20000000     0xe0  cstartup.o [1]
                                 - 0x200000e0     0xe0

"P2-P14", part 1 of 3:                          0xdd41
  CACHE_ALIGNED                    0x200000e0   0x2440  <Block>
    .region_cache_aligned
                          rw data  0x200000e0      0x4  spid.o [1]
    .region_cache_aligned
                          uninit   0x20000100    0x410  dma.o [1]
    .region_cache_aligned
                          uninit   0x20000520   0x2000  main.o [1]
  .text                   ro code  0x20002520   0x1220  usbd_udphs.o [1]
  .text                   ro code  0x20003740    0xcd4  pmc.o [1]
  .text                   ro code  0x20004414     0x22  ABIassert.o [6]
  .text                   ro code  0x20004438    0x1a8  I32DivMod.o [5]
  .text                   ro code  0x200045e0     0x2a  printf.o [3]
  .text                   ro code  0x2000460c    0x1ca  usbd.o [7]
  .text                   ro code  0x200047d6     0x54  cache.o [1]
  .text                   ro code  0x2000482a    0x10e  usb_descriptors.o [7]
  .text                   ro code  0x20004938    0x114  irq.o [1]
  .text                   ro code  0x20004a4c     0x30  slowclock_sckc.o [1]
  .text                   ro code  0x20004a7c    0x254  chip.o [1]
  .text                   ro code  0x20004cd0    0x130  I64DivMod.o [5]
  .text                   ro code  0x20004e00      0x6  abort.o [3]
  .text                   ro code  0x20004e08      0x4  IntDivZer.o [5]
  .text                   ro code  0x20004e0c    0x4c4  xprintfsmall_nomb.o [3]
  .text                   ro code  0x200052d0      0x2  usbd_callbacks.o [7]
  .text                   ro code  0x200052d2      0x2  usbd_callbacks.o [7]
  .text                   ro code  0x200052d4      0x2  usbd_callbacks.o [7]
  .text                   ro code  0x200052d8    0x4b8  main.o [1]
  .text                   ro code  0x20005790      0x2  usbd_callbacks.o [7]
  .text                   ro code  0x20005794    0x14c  l1cache_cp15.o [1]
  .text                   ro code  0x200058e0     0xe4  l2cache_l2cc.o [1]
  .text                   ro code  0x200059c4     0xe0  aic5.o [1]
  .text                   ro code  0x20005aa4    0x2c8  chip_common.o [1]
  .text                   ro code  0x20005d6c    0x274  matrix.o [1]
  .text                   ro code  0x20005fe0      0x4  I64DivZer.o [5]
  .text                   ro code  0x20005fe4     0x14  exit.o [6]
  .text                   ro code  0x20005ff8     0x20  strchr.o [5]
  .text                   ro code  0x20006018     0x2e  xfail_s.o [3]
  .text                   ro code  0x20006048     0x54  strlen.o [5]
  .text                   ro code  0x2000609c     0x94  memchr.o [5]
  .text                   ro code  0x20006130     0x84  cdcd_serial.o [7]
  .text                   ro code  0x200061b4    0x130  usart.o [1]
  .text                   ro code  0x200062e4     0x42  cdcd_serial_driver.o [7]
  .text                   ro code  0x20006328    0x344  usartd.o [1]
  .text                   ro code  0x2000666c    0x42c  pio4.o [1]
  .text                   ro code  0x20006a98    0x250  tcd.o [1]
  .text                   ro code  0x20006ce8     0x42  callback.o [1]
  .text                   ro code  0x20006d2c    0xf24  codec.o [1]
  .text                   ro code  0x20007c50     0x74  ABImemset.o [5]
  .text                   ro code  0x20007cc4    0x346  ssc.o [1]
  .text                   ro code  0x2000800c    0x188  console.o [1]
  .text                   ro code  0x20008194     0xb8  main_usb_common.o [1]
  .text                   ro code  0x2000824c      0x2  cdcd_serial_callbacks.o [7]
  .text                   ro code  0x2000824e      0x4  cdcd_serial_callbacks.o [7]
  .text                   ro code  0x20008254    0x31c  cdcd_serial_port.o [7]
  .text                   ro code  0x20008570    0x76c  usbd_driver.o [7]
  .text                   ro code  0x20008cdc    0x7ee  dma.o [1]
  .text                   ro code  0x200094cc     0x6a  mutex.o [1]
  .text                   ro code  0x20009538     0x70  flexcom.o [1]
  .text                   ro code  0x200095a8    0x2a8  tc.o [1]
  .text                   ro code  0x20009850    0x240  timer.o [1]
  .text                   ro code  0x20009a90    0x548  bus.o [1]
  .text                   ro code  0x20009fd8     0xb0  ABImemcpy.o [5]
  .text                   ro code  0x2000a088     0xac  seriald.o [1]
  .text                   ro code  0x2000a134    0x334  board_support.o [1]
  .text                   ro code  0x2000a468     0x88  mmu_cp15.o [1]
  .text                   ro code  0x2000a4f0     0x10  cdc_requests.o [7]
  .text                   ro code  0x2000a500     0x88  usb_requests.o [7]
  .text                   ro code  0x2000a588      0x2  usbd_driver_callbacks.o [7]
  .text                   ro code  0x2000a58a    0x2f6  dma_xdmac.o [1]
  .text                   ro code  0x2000a880    0x324  xdmac.o [1]
  .text                   ro code  0x2000aba4    0x3fc  spid.o [1]
  .text                   ro code  0x2000afa0    0x8c6  twid.o [1]
  .text                   ro code  0x2000b868     0x10  wdt.o [1]
  .text                   ro code  0x2000b878     0x14  board_timer.o [1]
  .text                   ro code  0x2000b88c    0x228  ddram.o [1]
  .text                   ro code  0x2000bab4     0xbe  spi.o [1]
  .text                   ro code  0x2000bb74    0x33c  twi.o [1]
  .text                   ro code  0x2000beb0    0x400  mpddrc.o [1]
  .text                   ro code  0x2000c2b0     0x1c  sfrbu.o [1]
  .rodata                 const    0x2000c2cc     0xe8  chip.o [1]
  .text                   ro code  0x2000c3b4     0xa4  cstartup.o [1]
  .rodata                 const    0x2000c458     0x90  main_descriptors.o [1]
  .text                   ro code  0x2000c4e8     0x7c  uart.o [1]
  .rodata                 const    0x2000c564     0x78  chip.o [1]
  .text                   ro code  0x2000c5dc     0x74  board_twi.o [1]
  .rodata                 const    0x2000c650     0x68  usbd_udphs.o [1]
  .rodata                 const    0x2000c6b8     0x60  main_descriptors.o [1]
  .rodata                 const    0x2000c718     0x60  main_descriptors.o [1]
  .rodata                 const    0x2000c778     0x60  main_descriptors.o [1]
  .rodata                 const    0x2000c7d8     0x60  main_descriptors.o [1]
  .text                   ro code  0x2000c838     0x60  board_console.o [1]
  .text                   ro code  0x2000c898     0x60  board_spi.o [1]
  .rodata                 const    0x2000c8f8     0x54  pmc.o [1]
  .rodata                 const    0x2000c94c     0x4c  cdcd_serial_port.o [7]
  .rodata                 const    0x2000c998     0x44  usbd_driver.o [7]
  .rodata                 const    0x2000c9dc     0x40  usbd_driver.o [7]
  .rodata                 const    0x2000ca1c     0x40  usbd_driver.o [7]
  .text                   ro code  0x2000ca5c     0x40  zero_init3.o [5]
  .rodata                 const    0x2000ca9c     0x3c  usbd_driver.o [7]
  Initializer bytes       const    0x2000cad8     0x3c  <for section .vectors-1>
  .rodata                 const    0x2000cb14     0x38  l2cache_l2cc.o [1]
  .rodata                 const    0x2000cb4c     0x38  usbd_udphs.o [1]
  .rodata                 const    0x2000cb84     0x38  usbd_udphs.o [1]
  .rodata                 const    0x2000cbbc     0x34  flexcom.o [1]
  .rodata                 const    0x2000cbf0     0x34  l1cache_cp15.o [1]
  .rodata                 const    0x2000cc24     0x34  main.o [1]
  .rodata                 const    0x2000cc58     0x34  usbd_udphs.o [1]
  .text                   ro code  0x2000cc8c     0x34  board_audio.o [1]
  .rodata                 const    0x2000ccc0     0x30  chip.o [1]
  .rodata                 const    0x2000ccf0     0x30  ddram.o [1]
  .rodata                 const    0x2000cd20     0x30  irq.o [1]
  .rodata                 const    0x2000cd50     0x30  matrix.o [1]
  .rodata                 const    0x2000cd80     0x30  mmu_cp15.o [1]
  .rodata                 const    0x2000cdb0     0x30  pio4.o [1]
  .rodata                 const    0x2000cde0     0x30  pmc.o [1]
  .rodata                 const    0x2000ce10     0x30  spi.o [1]
  .rodata                 const    0x2000ce40     0x30  ssc.o [1]
  .rodata                 const    0x2000ce70     0x30  twi.o [1]
  .rodata                 const    0x2000cea0     0x30  twid.o [1]
  .rodata                 const    0x2000ced0     0x30  twid.o [1]
  .rodata                 const    0x2000cf00     0x30  twid.o [1]
  .rodata                 const    0x2000cf30     0x30  usart.o [1]
  .rodata                 const    0x2000cf60     0x30  usartd.o [1]
  .rodata                 const    0x2000cf90     0x30  usbd_udphs.o [1]
  .rodata                 const    0x2000cfc0     0x30  xdmac.o [1]
  .rodata                 const    0x2000cff0     0x30  usbd.o [7]
  .text                   ro code  0x2000d020     0x30  data_init.o [5]
  .text                   ro code  0x2000d050     0x2e  board_sama5d2-xplained.o [1]
  .rodata                 const    0x2000d080     0x2c  bus.o [1]
  .rodata                 const    0x2000d0ac     0x2c  main.o [1]
  .rodata                 const    0x2000d0d8     0x2c  main.o [1]
  .rodata                 const    0x2000d104     0x2c  tc.o [1]
  .rodata                 const    0x2000d130     0x2c  twid.o [1]
  .rodata                 const    0x2000d15c     0x2c  usbd_udphs.o [1]
  .text                   ro code  0x2000d188     0x2c  copy_init3.o [5]
  .rodata                 const    0x2000d1b4     0x28  main.o [1]
  .rodata                 const    0x2000d1dc     0x28  main_descriptors.o [1]
  .rodata                 const    0x2000d204     0x28  main_descriptors.o [1]
  .rodata                 const    0x2000d22c     0x28  main_descriptors.o [1]
  .rodata                 const    0x2000d254     0x28  usbd_udphs.o [1]
  .text                   ro code  0x2000d27c     0x28  fpinit.o [4]
  .rodata                 const    0x2000d2a4     0x24  main.o [1]
  .rodata                 const    0x2000d2c8     0x24  main.o [1]
  .rodata                 const    0x2000d2ec     0x24  main_descriptors.o [1]
  .rodata                 const    0x2000d310     0x24  pio4.o [1]
  .rodata                 const    0x2000d334     0x24  pio4.o [1]
  .rodata                 const    0x2000d358     0x24  seriald.o [1]
  .rodata                 const    0x2000d37c     0x24  spid.o [1]
  .rodata                 const    0x2000d3a0     0x24  usbd_udphs.o [1]
  .rodata                 const    0x2000d3c4     0x24  usbd_udphs.o [1]
  .iar.init_table         const    0x2000d3e8     0x24  - Linker created -
  .rodata                 const    0x2000d40c     0x20  board_spi.o [1]
  .rodata                 const    0x2000d42c     0x20  board_spi.o [1]
  .rodata                 const    0x2000d44c     0x20  board_twi.o [1]
  .rodata                 const    0x2000d46c     0x20  board_twi.o [1]
  .rodata                 const    0x2000d48c     0x20  console.o [1]
  .rodata                 const    0x2000d4ac     0x20  ddram.o [1]
  .rodata                 const    0x2000d4cc     0x20  main.o [1]
  .rodata                 const    0x2000d4ec     0x20  main.o [1]
  .rodata                 const    0x2000d50c     0x20  main.o [1]
  .rodata                 const    0x2000d52c     0x20  main_descriptors.o [1]
  .rodata                 const    0x2000d54c     0x20  mpddrc.o [1]
  .rodata                 const    0x2000d56c     0x20  pio4.o [1]
  .rodata                 const    0x2000d58c     0x20  spid.o [1]
  .rodata                 const    0x2000d5ac     0x20  twid.o [1]
  .rodata                 const    0x2000d5cc     0x20  xfail_s.o [3]
  .rodata                 const    0x2000d5ec     0x1c  console.o [1]
  .rodata                 const    0x2000d608     0x1c  main.o [1]
  .rodata                 const    0x2000d624     0x1c  main.o [1]
  .rodata                 const    0x2000d640     0x1c  main_usb_common.o [1]
  .rodata                 const    0x2000d65c     0x1c  twid.o [1]
  .rodata                 const    0x2000d678     0x1c  usbd_udphs.o [1]
  .rodata                 const    0x2000d694     0x1c  xprintfsmall_nomb.o [3]
  .rodata                 const    0x2000d6b0     0x18  console.o [1]
  .rodata                 const    0x2000d6c8     0x18  main_usb_common.o [1]
  .rodata                 const    0x2000d6e0     0x18  pio4.o [1]
  .rodata                 const    0x2000d6f8     0x18  pio4.o [1]
  .text                   ro code  0x2000d710     0x16  xprout.o [3]
  .text                   ro code  0x2000d726     0x10  syscalls.o [1]
  .rodata                 const    0x2000d738     0x14  console.o [1]
  .rodata                 const    0x2000d74c     0x14  main_descriptors.o [1]
  .rodata                 const    0x2000d760     0x14  main_descriptors.o [1]
  .rodata                 const    0x2000d774     0x14  main_usb_common.o [1]
  .rodata                 const    0x2000d788     0x14  tc.o [1]
  .rodata                 const    0x2000d79c     0x14  usbd_udphs.o [1]
  .rodata                 const    0x2000d7b0     0x10  board_audio.o [1]
  .rodata                 const    0x2000d7c0     0x10  board_audio.o [1]
  .rodata                 const    0x2000d7d0     0x10  board_console.o [1]
  .rodata                 const    0x2000d7e0     0x10  board_console.o [1]
  .rodata                 const    0x2000d7f0     0x10  board_spi.o [1]
  .rodata                 const    0x2000d800     0x10  board_spi.o [1]
  .rodata                 const    0x2000d810     0x10  board_support.o [1]
  .rodata                 const    0x2000d820     0x10  chip.o [1]
  .rodata                 const    0x2000d830     0x10  chip.o [1]
  .rodata                 const    0x2000d840     0x10  chip.o [1]
  .rodata                 const    0x2000d850     0x10  chip.o [1]
  .rodata                 const    0x2000d860     0x10  chip.o [1]
  .rodata                 const    0x2000d870     0x10  codec.o [1]
  .rodata                 const    0x2000d880     0x10  console.o [1]
  .rodata                 const    0x2000d890     0x10  console.o [1]
  .rodata                 const    0x2000d8a0     0x10  console.o [1]
  .rodata                 const    0x2000d8b0     0x10  console.o [1]
  .rodata                 const    0x2000d8c0     0x10  console.o [1]
  .rodata                 const    0x2000d8d0     0x10  main_usb_common.o [1]
  .rodata                 const    0x2000d8e0     0x10  main_usb_common.o [1]
  .rodata                 const    0x2000d8f0     0x10  main_usb_common.o [1]
  .rodata                 const    0x2000d900     0x10  main_usb_common.o [1]
  .rodata                 const    0x2000d910     0x10  usbd_udphs.o [1]
  .rodata                 const    0x2000d920     0x10  usbd_udphs.o [1]
  .rodata                 const    0x2000d930     0x10  usbd_udphs.o [1]
  .rodata                 const    0x2000d940     0x10  usbd_udphs.o [1]
  .rodata                 const    0x2000d950      0xc  board_support.o [1]
  .rodata                 const    0x2000d95c      0xc  chip.o [1]
  .rodata                 const    0x2000d968      0xc  chip.o [1]
  .rodata                 const    0x2000d974      0xc  chip.o [1]
  .rodata                 const    0x2000d980      0xc  chip.o [1]
  .rodata                 const    0x2000d98c      0xc  chip.o [1]
  .rodata                 const    0x2000d998      0xc  chip.o [1]
  .rodata                 const    0x2000d9a4      0xc  chip.o [1]
  .rodata                 const    0x2000d9b0      0xc  chip.o [1]
  .rodata                 const    0x2000d9bc      0xc  chip.o [1]
  .rodata                 const    0x2000d9c8      0xc  chip.o [1]
  .rodata                 const    0x2000d9d4      0xc  chip.o [1]
  .rodata                 const    0x2000d9e0      0xc  codec.o [1]
  .rodata                 const    0x2000d9ec      0xc  codec.o [1]
  .rodata                 const    0x2000d9f8      0xc  codec.o [1]
  .rodata                 const    0x2000da04      0xc  codec.o [1]
  .rodata                 const    0x2000da10      0xc  codec.o [1]
  .rodata                 const    0x2000da1c      0xc  codec.o [1]
  .rodata                 const    0x2000da28      0xc  codec.o [1]
  .rodata                 const    0x2000da34      0xc  codec.o [1]
  .rodata                 const    0x2000da40      0xc  codec.o [1]
  .rodata                 const    0x2000da4c      0xc  console.o [1]
  .rodata                 const    0x2000da58      0xc  console.o [1]
  .rodata                 const    0x2000da64      0xc  console.o [1]
  .rodata                 const    0x2000da70      0xc  console.o [1]
  .rodata                 const    0x2000da7c      0xc  main.o [1]
  .rodata                 const    0x2000da88      0xc  main.o [1]
  .rodata                 const    0x2000da94      0xc  main_descriptors.o [1]
  .rodata                 const    0x2000daa0      0xc  spid.o [1]
  .rodata                 const    0x2000daac      0xc  spid.o [1]
  .rodata                 const    0x2000dab8      0xc  usbd_udphs.o [1]
  .rodata                 const    0x2000dac4      0xc  usbd_udphs.o [1]
  .rodata                 const    0x2000dad0      0x8  chip.o [1]
  .rodata                 const    0x2000dad8      0x8  chip.o [1]
  .rodata                 const    0x2000dae0      0x8  console.o [1]
  .rodata                 const    0x2000dae8      0x8  console.o [1]
  .rodata                 const    0x2000daf0      0x8  ddram.o [1]
  .rodata                 const    0x2000daf8      0x8  flexcom.o [1]
  .rodata                 const    0x2000db00      0x8  irq.o [1]
  .rodata                 const    0x2000db08      0x8  l1cache_cp15.o [1]
  .rodata                 const    0x2000db10      0x8  l2cache_l2cc.o [1]
  .rodata                 const    0x2000db18      0x8  main.o [1]
  .rodata                 const    0x2000db20      0x8  matrix.o [1]
  .rodata                 const    0x2000db28      0x8  mmu_cp15.o [1]
  .rodata                 const    0x2000db30      0x8  pio4.o [1]
  .rodata                 const    0x2000db38      0x8  pmc.o [1]
  .rodata                 const    0x2000db40      0x8  spi.o [1]
  .rodata                 const    0x2000db48      0x8  ssc.o [1]
  .rodata                 const    0x2000db50      0x8  tc.o [1]
  .rodata                 const    0x2000db58      0x8  twi.o [1]
  .rodata                 const    0x2000db60      0x8  twid.o [1]
  .rodata                 const    0x2000db68      0x8  usart.o [1]
  .rodata                 const    0x2000db70      0x8  usartd.o [1]
  .rodata                 const    0x2000db78      0x8  usbd_udphs.o [1]
  .rodata                 const    0x2000db80      0x8  xdmac.o [1]
  .rodata                 const    0x2000db88      0x8  cdcd_serial_port.o [7]
  .rodata                 const    0x2000db90      0x8  xprintfsmall_nomb.o [3]
  .text                   ro code  0x2000db98      0x8  fault_handlers.o [1]
  .rodata                 const    0x2000dba0      0x4  main_descriptors.o [1]
  .text                   ro code  0x2000dba4      0x4  xreturnswi.o [6]
  .rodata                 const    0x2000dba8      0x0  zero_init3.o [5]
  .rodata                 const    0x2000dba8      0x0  copy_init3.o [5]
  .data                   rw data  0x2000dba8     0x84  main.o [1]
  .data                   rw data  0x2000dc2c     0x84  main.o [1]
  .data                   rw data  0x2000dcb0     0x54  codec.o [1]
  .data                   rw data  0x2000dd04     0x40  codec.o [1]
  .data                   rw data  0x2000dd44     0x40  main.o [1]
  .data                   rw data  0x2000dd84     0x34  main.o [1]
  .data                   rw data  0x2000ddb8     0x20  codec.o [1]
  .data                   rw data  0x2000ddd8     0x1c  main_descriptors.o [1]
  .data                   rw data  0x2000ddf4     0x10  codec.o [1]
  .data                   rw data  0x2000de04      0x8  dma.o [1]
  .data                   rw data  0x2000de0c      0x8  pmc.o [1]
  .data                   rw data  0x2000de14      0x4  board_support.o [1]
  .data                   rw data  0x2000de18      0x4  main.o [1]
  .data                   rw data  0x2000de1c      0x4  trace.o [1]
  .data                   rw data  0x2000de20      0x1  main.o [1]
                                 - 0x2000de21   0xdd41

"P2-P14", part 2 of 3:                          0x7930
  .bss                    zero     0x20010000   0x4000  board_support.o [1]
  .bss                    zero     0x20014000    0x768  irq.o [1]
  .bss                    zero     0x20014768    0x64c  bus.o [1]
  .bss                    zero     0x20014db4    0x394  dma.o [1]
  .bss                    zero     0x20015148    0x240  usbd_udphs.o [1]
  .bss                    zero     0x20015388    0x13c  irq.o [1]
  .bss                    zero     0x200154c4    0x100  pio4.o [1]
  .bss                    zero     0x200155c4     0xc4  twid.o [1]
  .bss                    zero     0x20015688     0x20  codec.o [1]
  .bss                    zero     0x200156a8     0x20  cdcd_serial.o [7]
  .bss                    zero     0x200156c8     0x14  usartd.o [1]
  .bss                    zero     0x200156dc     0x10  console.o [1]
  .bss                    zero     0x200156ec     0x10  timer.o [1]
  .bss                    zero     0x200156fc      0xc  usbd_driver.o [7]
  .bss                    zero     0x20015708      0x8  cdcd_serial_port.o [7]
  .bss                    zero     0x20015710      0x4  codec.o [1]
  .bss                    zero     0x20015714      0x4  codec.o [1]
  .bss                    zero     0x20015718      0x4  codec.o [1]
  .bss                    zero     0x2001571c      0x4  codec.o [1]
  .bss                    zero     0x20015720      0x4  codec.o [1]
  .bss                    zero     0x20015724      0x4  codec.o [1]
  .bss                    zero     0x20015728      0x4  irq.o [1]
  .bss                    zero     0x2001572c      0x4  main.o [1]
  .bss                    zero     0x20015730      0x4  main.o [1]
  .bss                    zero     0x20015734      0x4  pio4.o [1]
  .bss                    zero     0x20015738      0x4  pmc.o [1]
  .bss                    zero     0x2001573c      0x4  xfail_s.o [3]
  .bss                    zero     0x20015740      0x2  usbd_driver.o [7]
  .bss                    zero     0x20015742      0x2  usbd_driver.o [7]
  .bss                    zero     0x20015744      0x1  codec.o [1]
  .bss                    zero     0x20015745      0x1  codec.o [1]
  .bss                    zero     0x20015746      0x1  codec.o [1]
  .bss                    zero     0x20015747      0x1  main.o [1]
  .bss                    zero     0x20015748      0x1  main.o [1]
  .bss                    zero     0x20015749      0x1  main.o [1]
  .bss                    zero     0x2001574a      0x1  main.o [1]
  .bss                    zero     0x2001574b      0x1  main.o [1]
  .bss                    zero     0x2001574c      0x1  main.o [1]
  .bss                    zero     0x2001574d      0x1  main.o [1]
  .bss                    zero     0x2001574e      0x1  twid.o [1]
  .bss                    zero     0x2001574f      0x1  usbd_udphs.o [1]
  .bss                    zero     0x20015750      0x1  usbd.o [7]
  .bss                    zero     0x20015751      0x1  usbd.o [7]
  .bss                    zero     0x20015752      0x1  usbd_driver.o [7]
                                 - 0x20015753   0x792f

"P2-P14", part 3 of 3:                         0x80180
  IRQ_STACK                        0x20015758     0x60  <Block>
    IRQ_STACK             uninit   0x20015758     0x60  <Block tail>
  FIQ_STACK                        0x200157b8     0x60  <Block>
    FIQ_STACK             uninit   0x200157b8     0x60  <Block tail>
  ABT_STACK                        0x20015818     0x40  <Block>
    ABT_STACK             uninit   0x20015818     0x40  <Block tail>
  UND_STACK                        0x20015858     0x40  <Block>
    UND_STACK             uninit   0x20015858     0x40  <Block tail>
  SYS_STACK                        0x20015898     0x40  <Block>
    SYS_STACK             uninit   0x20015898     0x40  <Block tail>
  CSTACK                           0x200158d8  0x80000  <Block>
    CSTACK                uninit   0x200158d8  0x80000  <Block tail>
                                 - 0x200958d8  0x80180


*******************************************************************************
*** INIT TABLE
***

          Address     Size
          -------     ----
Zero (__iar_zero_init3)
    1 destination range, total size 0x5753:
          0x20010000  0x5753

Copy (__iar_copy_init3)
    1 source range, total size 0x3c:
          0x2000cad8    0x3c
    1 destination range, total size 0x3c:
          0x00200000    0x3c



*******************************************************************************
*** MODULE SUMMARY
***

    Module                    ro code  rw code  ro data  rw data
    ------                    -------  -------  -------  -------
E:\AB05-Test\ab05-sample2\ab05\project\Debug\Obj: [1]
    aic5.o                        224
    board_audio.o                  52                32
    board_console.o                96                32
    board_sama5d2-xplained.o       46
    board_spi.o                    96                96
    board_support.o               820                28   16 388
    board_timer.o                  20
    board_twi.o                   116                64
    bus.o                       1 352                44    1 612
    cache.o                        84
    callback.o                     66
    chip.o                        596               628
    chip_common.o                 712
    codec.o                     3 876               124      255
    console.o                     392               248       16
    cstartup.o                    388       60       60
    ddram.o                       552                88
    dma.o                       2 030                      1 964
    dma_xdmac.o                   758
    fault_handlers.o                8
    flexcom.o                     112                60
    irq.o                         276                56    2 216
    l1cache_cp15.o                332                60
    l2cache_l2cc.o                228                64
    main.o                      1 208               436    8 592
    main_descriptors.o                              772       28
    main_usb_common.o             184               136
    matrix.o                      628                56
    mmu_cp15.o                    136                56
    mpddrc.o                    1 024                32
    mutex.o                       106
    pio4.o                      1 068               208      260
    pmc.o                       3 284               140       12
    seriald.o                     172                36
    sfrbu.o                        28
    slowclock_sckc.o               48
    spi.o                         190                56
    spid.o                      1 020                92        4
    ssc.o                         838                56
    syscalls.o                     16
    tc.o                          680                72
    tcd.o                         592
    timer.o                       576                         16
    trace.o                                                    4
    twi.o                         828                56
    twid.o                      2 246               256      197
    uart.o                        124
    usart.o                       304                56
    usartd.o                      836                56       20
    usbd_udphs.o                4 640               616      577
    wdt.o                          16
    xdmac.o                       804                56
    ------------------------------------------------------------
    Total:                     34 828       60    4 928   32 161

command line: [2]
    ------------------------------------------------------------
    Total:

dl7Sx_tln.a: [3]
    abort.o                         6
    printf.o                       42
    xfail_s.o                      46                32        4
    xprintfsmall_nomb.o         1 220                36
    xprout.o                       22
    ------------------------------------------------------------
    Total:                      1 336                68        4

m7Sx_tlv.a: [4]
    fpinit.o                       40
    ------------------------------------------------------------
    Total:                         40

rt7Sx_tl.a: [5]
    ABImemcpy.o                   176
    ABImemset.o                   116
    I32DivMod.o                   424
    I64DivMod.o                   304
    I64DivZer.o                     4
    IntDivZer.o                     4
    copy_init3.o                   44
    data_init.o                    48
    memchr.o                      148
    strchr.o                       32
    strlen.o                       84
    zero_init3.o                   64
    ------------------------------------------------------------
    Total:                      1 448

sh7Sxs_l.a: [6]
    ABIassert.o                    34
    exit.o                         20
    xreturnswi.o                    4
    ------------------------------------------------------------
    Total:                         58

usb_device.a: [7]
    cdc_requests.o                 16
    cdcd_serial.o                 132                         32
    cdcd_serial_callbacks.o         6
    cdcd_serial_driver.o           66
    cdcd_serial_port.o            796                84        8
    usb_descriptors.o             270
    usb_requests.o                136
    usbd.o                        458                48        2
    usbd_callbacks.o                8
    usbd_driver.o               1 900               256       17
    usbd_driver_callbacks.o         2
    ------------------------------------------------------------
    Total:                      3 790               388       59

    Gaps                           28                 4    8 712
    Linker created                                   36  524 672
----------------------------------------------------------------
    Grand Total:               41 528       60    5 424  565 608


*******************************************************************************
*** ENTRY LIST
***

Entry                      Address    Size  Type      Object
-----                      -------    ----  ----      ------
.iar.init_table$$Base   0x2000d3e8           --   Gb  - Linker created -
.iar.init_table$$Limit  0x2000d40c           --   Gb  - Linker created -
ABT_STACK$$Base         0x20015818           --   Gb  - Linker created -
ABT_STACK$$Limit        0x20015858           --   Gb  - Linker created -
CACHE_ALIGNED$$Base     0x200000e0           --   Gb  - Linker created -
CACHE_ALIGNED$$Limit    0x20002520           --   Gb  - Linker created -
CODEC_SUPPORT_SR        0x2000ddb8    0x20  Data  Gb  codec.o [1]
CSTACK$$Base            0x200158d8           --   Gb  - Linker created -
CSTACK$$Limit           0x200958d8           --   Gb  - Linker created -
Check_SR_Support        0x2000749d    0x1e  Code  Gb  codec.o [1]
Codec_Set_Saved         0x20015688    0x20  Data  Gb  codec.o [1]
Codec_Write             0x20006d69    0x62  Code  Gb  codec.o [1]
FIQ_STACK$$Base         0x200157b8           --   Gb  - Linker created -
FIQ_STACK$$Limit        0x20015818           --   Gb  - Linker created -
Generate_BCLK           0x200074fd    0x28  Code  Gb  codec.o [1]
Generate_FCLK           0x200074cd    0x30  Code  Gb  codec.o [1]
GetMSDescriptor         0x200088fb    0x4c  Code  Lc  usbd_driver.o [7]
I2CWrite_Codec_AIC3204  0x20006e4b    0x14  Code  Gb  codec.o [1]
I2C_Switcher            0x20006dcb    0x80  Code  Gb  codec.o [1]
I2C_Switcher_Index_Save
                        0x20015744     0x1  Data  Lc  codec.o [1]
IRQ_STACK$$Base         0x20015758           --   Gb  - Linker created -
IRQ_STACK$$Limit        0x200157b8           --   Gb  - Linker created -
Init_CODEC              0x20007a79   0x190  Code  Gb  codec.o [1]
LoadInt                 0x20005025    0x56  Code  Lc  xprintfsmall_nomb.o [3]
OSExCompIDDescriptor    0x2000d204    0x28  Data  Gb  main_descriptors.o [1]
OSExPropertyDescriptor  0x2000c458    0x90  Data  Gb  main_descriptors.o [1]
OSStringDescriptor      0x2000d760    0x14  Data  Gb  main_descriptors.o [1]
Pin_Reset_Codec         0x20006d3b    0x2e  Code  Gb  codec.o [1]
Region$$Table$$Base     0x2000d3e8           --   Gb  - Linker created -
Region$$Table$$Limit    0x2000d40c           --   Gb  - Linker created -
SYS_STACK$$Base         0x20015898           --   Gb  - Linker created -
SYS_STACK$$Limit        0x200158d8           --   Gb  - Linker created -
Set_Codec_PLL           0x20007525   0x54a  Code  Gb  codec.o [1]
UND_STACK$$Base         0x20015858           --   Gb  - Linker created -
UND_STACK$$Limit        0x20015898           --   Gb  - Linker created -
_LitobSmallNoMb         0x200051c1    0xe2  Code  Lc  xprintfsmall_nomb.o [3]
_PrintfSmallNoMb        0x20004e0d   0x212  Code  Gb  xprintfsmall_nomb.o [3]
_Prout                  0x2000d711    0x16  Code  Gb  xprout.o [3]
_PutcharsSmallNoMb      0x200052a3    0x2e  Code  Lc  xprintfsmall_nomb.o [3]
_PutfldSmallNoMb        0x2000507b   0x146  Code  Lc  xprintfsmall_nomb.o [3]
__aeabi_assert          0x20004415    0x22  Code  Gb  ABIassert.o [6]
__aeabi_idiv            0x20004438          Code  Gb  I32DivMod.o [5]
__aeabi_idiv0           0x20004e08          Code  Gb  IntDivZer.o [5]
__aeabi_idivmod         0x20004438          Code  Gb  I32DivMod.o [5]
__aeabi_ldiv0           0x20005fe0          Code  Gb  I64DivZer.o [5]
__aeabi_memcpy4         0x20009fd8          Code  Gb  ABImemcpy.o [5]
__aeabi_memcpy8         0x20009fd8          Code  Gb  ABImemcpy.o [5]
__aeabi_memset          0x20007c50          Code  Gb  ABImemset.o [5]
__aeabi_uidiv           0x20004464          Code  Gb  I32DivMod.o [5]
__aeabi_uidivmod        0x20004464          Code  Gb  I32DivMod.o [5]
__aeabi_uldivmod        0x20004cd0          Code  Gb  I64DivMod.o [5]
__exit                  0x20005fe5    0x14  Code  Gb  exit.o [6]
__iar_Fail_s            0x20006019    0x2e  Code  Gb  xfail_s.o [3]
__iar_Memchr            0x2000609c          Code  Gb  memchr.o [5]
__iar_Memset            0x20007c50          Code  Gb  ABImemset.o [5]
__iar_Memset_word       0x20007c58          Code  Gb  ABImemset.o [5]
__iar_Strchr            0x20005ff8          Code  Gb  strchr.o [5]
__iar_copy_init3        0x2000d189    0x2c  Code  Gb  copy_init3.o [5]
__iar_data_init3        0x2000d021    0x30  Code  Gb  data_init.o [5]
__iar_init_vfp          0x2000d290          Code  Gb  fpinit.o [4]
__iar_init_vfp_v6       0x2000d27c          Code  Gb  fpinit.o [4]
__iar_program_start     0x20000020          Code  Gb  cstartup.o [1]
__iar_return_from_swi   0x2000dba4     0x4  Code  Gb  xreturnswi.o [6]
__iar_systems$$module {Abs}
                        0x00000001          Data  Gb  command line/config [2]
__iar_zero_init3        0x2000ca5d    0x40  Code  Gb  zero_init3.o [5]
_aic_initialize         0x200059cf    0x36  Code  Lc  aic5.o [1]
_alloc_handler          0x2000497f    0x34  Code  Lc  irq.o [1]
_audio_ctx_rec          0x2000dd44    0x40  Data  Gb  main.o [1]
_bus                    0x20014768   0x64c  Data  Lc  bus.o [1]
_bus_callback           0x20009a91    0x36  Code  Lc  bus.o [1]
_bus_disable            0x20009b7f    0x2e  Code  Lc  bus.o [1]
_bus_enable             0x20009b51    0x2e  Code  Lc  bus.o [1]
_bus_fifo_disable       0x20009af5    0x2e  Code  Lc  bus.o [1]
_bus_fifo_enable        0x20009ac7    0x2e  Code  Lc  bus.o [1]
_bus_fifo_is_enabled    0x20009b23    0x2e  Code  Lc  bus.o [1]
_bus_get_transfer_mode  0x20009bad    0x4a  Code  Lc  bus.o [1]
_bus_set_transfer_mode  0x20009bf7    0x54  Code  Lc  bus.o [1]
_check_nack             0x2000afa1    0x2e  Code  Lc  twid.o [1]
_check_rx_timeout       0x2000afcf    0x44  Code  Lc  twid.o [1]
_check_tx_timeout       0x2000b013    0x44  Code  Lc  twid.o [1]
_compute_ba_offset      0x2000bf65    0x48  Code  Lc  mpddrc.o [1]
_configure_ddr2         0x2000c06f    0xac  Code  Lc  mpddrc.o [1]
_configure_ddr3         0x2000c00b    0x64  Code  Lc  mpddrc.o [1]
_configure_lpddr2       0x2000c11b    0x88  Code  Lc  mpddrc.o [1]
_configure_usart        0x2000536d    0x40  Code  Lc  main.o [1]
_debug_help             0x20005359    0x14  Code  Lc  main.o [1]
_default_irq_handler    0x200049b3    0x2a  Code  Lc  irq.o [1]
_dma_configure_transfer
                        0x20008e8f   0x15e  Code  Lc  dma.o [1]
_dma_ctrl               0x20014db4   0x394  Data  Lc  dma.o [1]
_dma_sg_configure_transfer
                        0x20008fed   0x1a6  Code  Lc  dma.o [1]
_dma_sg_desc_alloc      0x20008d93    0x96  Code  Lc  dma.o [1]
_dma_sg_desc_free       0x20008e29    0x66  Code  Lc  dma.o [1]
_dma_sg_init            0x20008d1d    0x76  Code  Lc  dma.o [1]
_dma_sg_pool            0x20000100   0x410  Data  Lc  dma.o [1]
_exid_names             0x2000c564    0x78  Data  Lc  chip.o [1]
_garbage                0x200000e0     0x4  Data  Lc  spid.o [1]
_get_aic_instance       0x20005a05    0x24  Code  Lc  aic5.o [1]
_get_line_coding        0x2000843b    0x16  Code  Lc  cdcd_serial_port.o [7]
_h64_peripherals        0x2000d860    0x10  Data  Lc  chip.o [1]
_handler_push           0x200066f1    0x74  Code  Lc  pio4.o [1]
_handler_push::i        0x20015734     0x4  Data  Lc  pio4.o [1]
_handlers               0x200154c4   0x100  Data  Lc  pio4.o [1]
_init_mt41k128m16       0x2000b88d   0x1be  Code  Lc  ddram.o [1]
_initialize_handlers_pool
                        0x20004939    0x46  Code  Lc  irq.o [1]
_interfaces_parse       0x20008255   0x17e  Code  Lc  cdcd_serial_port.o [7]
_pio_get_group_mask     0x2000666d    0x26  Code  Lc  pio4.o [1]
_pio_get_instance       0x20006693    0x28  Code  Lc  pio4.o [1]
_pio_get_periph_id      0x200066bb    0x36  Code  Lc  pio4.o [1]
_pio_handle_interrupt   0x20006765    0x52  Code  Lc  pio4.o [1]
_pio_handler            0x200067b7    0x32  Code  Lc  pio4.o [1]
_pmc_compute_mck        0x20003741    0xa8  Code  Lc  pmc.o [1]
_pmc_get_system_clock_bits
                        0x200037e9    0xb0  Code  Lc  pmc.o [1]
_pmc_main_oscillators   0x2000de0c     0x8  Data  Lc  pmc.o [1]
_pmc_mck                0x20015738     0x4  Data  Lc  pmc.o [1]
_pmc_measure_main_osc_freq
                        0x20003899    0x58  Code  Lc  pmc.o [1]
_reset_vector           0x00200000          Data  Gb  cstartup.o [1]
_send_ddr_cmd           0x2000bfad    0x1c  Code  Lc  mpddrc.o [1]
_send_ext_lmr_cmd       0x2000bfc9    0x20  Code  Lc  mpddrc.o [1]
_send_lpddr2_cmd        0x2000bfe9    0x22  Code  Lc  mpddrc.o [1]
_serial                 0x200156c8    0x14  Data  Lc  usartd.o [1]
_set_control_line_state
                        0x20008451    0x2a  Code  Lc  cdcd_serial_port.o [7]
_set_ddr_timings        0x2000beb7    0xae  Code  Lc  mpddrc.o [1]
_set_line_coding        0x20008429    0x12  Code  Lc  cdcd_serial_port.o [7]
_set_line_coding_callback
                        0x200083d3    0x56  Code  Lc  cdcd_serial_port.o [7]
_sound_buffer           0x20000520  0x2000  Data  Lc  main.o [1]
_spid_dma_rx_callback   0x2000aba5    0x28  Code  Lc  spid.o [1]
_spid_dma_tx_callback   0x2000abcd     0xc  Code  Lc  spid.o [1]
_spid_handler           0x2000acdf    0xb8  Code  Lc  spid.o [1]
_spid_transfer_current_buffer
                        0x2000ae13    0x3e  Code  Lc  spid.o [1]
_spid_transfer_current_buffer_async
                        0x2000addb    0x38  Code  Lc  spid.o [1]
_spid_transfer_current_buffer_dma
                        0x2000abd9   0x106  Code  Lc  spid.o [1]
_spid_transfer_current_buffer_polling
                        0x2000ad97    0x44  Code  Lc  spid.o [1]
_spid_transfer_next_buffer
                        0x2000ae51    0x40  Code  Lc  spid.o [1]
_ssc_dma_rx_callback    0x20007cc5    0x26  Code  Lc  ssc.o [1]
_ssc_dma_rx_transfer    0x20007ceb    0x84  Code  Lc  ssc.o [1]
_ssc_dma_tx_callback    0x20007d6f    0x1e  Code  Lc  ssc.o [1]
_ssc_dma_tx_transfer    0x20007d8d    0xa2  Code  Lc  ssc.o [1]
_ssc_rx_transfer_callback
                        0x20005517    0x98  Code  Lc  main.o [1]
_ssc_rx_transfer_callback::__FUNCTION__
                        0x2000d608    0x1c  Data  Lc  main.o [1]
_tc_counter_callback    0x200053ad    0x42  Code  Lc  main.o [1]
_tc_counter_initialize  0x200053ef    0x46  Code  Lc  main.o [1]
_tcd_capture_dma        0x20006ae1    0x88  Code  Lc  tcd.o [1]
_tcd_capture_polling    0x20006b69    0x5a  Code  Lc  tcd.o [1]
_tcd_counter_handler    0x20006abf    0x22  Code  Lc  tcd.o [1]
_tcd_dma_transfer_callback
                        0x20006a99    0x26  Code  Lc  tcd.o [1]
_tick                   0x2001572c     0x4  Data  Lc  main.o [1]
_timer                  0x200156ec    0x10  Data  Lc  timer.o [1]
_timer_get_tick         0x2000988d    0x24  Code  Lc  timer.o [1]
_twid_dma_read          0x2000b11b    0x92  Code  Lc  twid.o [1]
_twid_dma_read_callback
                        0x2000b09d    0x7e  Code  Lc  twid.o [1]
_twid_dma_write         0x2000b1f1    0x90  Code  Lc  twid.o [1]
_twid_dma_write_callback
                        0x2000b1ad    0x44  Code  Lc  twid.o [1]
_twid_handler           0x2000b281   0x104  Code  Lc  twid.o [1]
_twid_poll_read         0x2000b385    0xb0  Code  Lc  twid.o [1]
_twid_poll_write        0x2000b435    0xc8  Code  Lc  twid.o [1]
_twid_transfer          0x2000b4fd   0x1d4  Code  Lc  twid.o [1]
_twid_wait_twi_transfer
                        0x2000b057    0x46  Code  Lc  twid.o [1]
_usartd_dma_read_callback
                        0x20006329    0x92  Code  Lc  usartd.o [1]
_usartd_handler         0x200063bb   0x156  Code  Lc  usartd.o [1]
_usb_ep2_ssc0_rec       0x200054cf    0x48  Code  Lc  main.o [1]
_usbd_hal_add_buffer    0x20002d7b   0x114  Code  Lc  usbd_udphs.o [1]
_usbd_hal_disable_bias  0x20002563     0x8  Code  Lc  usbd_udphs.o [1]
_usbd_hal_disable_peripheral_clock
                        0x20002541     0xa  Code  Lc  usbd_udphs.o [1]
_usbd_hal_disable_usb_clock
                        0x20002553     0x8  Code  Lc  usbd_udphs.o [1]
_usbd_hal_dma_handler   0x20002c19    0xe2  Code  Lc  usbd_udphs.o [1]
_usbd_hal_dma_single    0x20002bbd    0x5c  Code  Lc  usbd_udphs.o [1]
_usbd_hal_enable_bias   0x2000255b     0x8  Code  Lc  usbd_udphs.o [1]
_usbd_hal_enable_peripheral_clock
                        0x20002527    0x1a  Code  Lc  usbd_udphs.o [1]
_usbd_hal_enable_usb_clock
                        0x2000254b     0x8  Code  Lc  usbd_udphs.o [1]
_usbd_hal_end_of_transfer
                        0x200027b5    0x8a  Code  Lc  usbd_udphs.o [1]
_usbd_hal_endpoint_clear_status
                        0x20002697     0xe  Code  Lc  usbd_udphs.o [1]
_usbd_hal_endpoint_configure
                        0x20002591    0xc6  Code  Lc  usbd_udphs.o [1]
_usbd_hal_endpoint_control_disable
                        0x200026ed     0xe  Code  Lc  usbd_udphs.o [1]
_usbd_hal_endpoint_control_enable
                        0x200026df     0xe  Code  Lc  usbd_udphs.o [1]
_usbd_hal_endpoint_control_get_status
                        0x200026d1     0xe  Code  Lc  usbd_udphs.o [1]
_usbd_hal_endpoint_dma_interrupt_enable
                        0x2000272d    0x36  Code  Lc  usbd_udphs.o [1]
_usbd_hal_endpoint_get_config
                        0x20002579     0xc  Code  Lc  usbd_udphs.o [1]
_usbd_hal_endpoint_get_received_data_size
                        0x200026b3    0x10  Code  Lc  usbd_udphs.o [1]
_usbd_hal_endpoint_get_status
                        0x20002689     0xe  Code  Lc  usbd_udphs.o [1]
_usbd_hal_endpoint_get_type
                        0x20002657    0x32  Code  Lc  usbd_udphs.o [1]
_usbd_hal_endpoint_handler
                        0x20002983   0x23a  Code  Lc  usbd_udphs.o [1]
_usbd_hal_endpoint_interrupt_disable
                        0x20002713    0x1a  Code  Lc  usbd_udphs.o [1]
_usbd_hal_endpoint_interrupt_enable
                        0x200026fb    0x18  Code  Lc  usbd_udphs.o [1]
_usbd_hal_endpoint_reset
                        0x2000256b     0xe  Code  Lc  usbd_udphs.o [1]
_usbd_hal_endpoint_set_config
                        0x20002585     0xc  Code  Lc  usbd_udphs.o [1]
_usbd_hal_endpoint_set_status
                        0x200026a5     0xe  Code  Lc  usbd_udphs.o [1]
_usbd_hal_endpoint_set_txready
                        0x200026c3     0xe  Code  Lc  usbd_udphs.o [1]
_usbd_hal_irq_handler   0x20002f25   0x114  Code  Lc  usbd_udphs.o [1]
_usbd_hal_multi_update  0x2000283f    0x60  Code  Lc  usbd_udphs.o [1]
_usbd_hal_read          0x20002e8f    0x96  Code  Lc  usbd_udphs.o [1]
_usbd_hal_read_fifo_buffer
                        0x20002789    0x2c  Code  Lc  usbd_udphs.o [1]
_usbd_hal_read_fifo_single
                        0x20002931    0x44  Code  Lc  usbd_udphs.o [1]
_usbd_hal_read_request  0x20002975     0xe  Code  Lc  usbd_udphs.o [1]
_usbd_hal_write         0x20002cfb    0x80  Code  Lc  usbd_udphs.o [1]
_usbd_hal_write_fifo_buffer
                        0x20002763    0x26  Code  Lc  usbd_udphs.o [1]
_usbd_hal_write_fifo_multi
                        0x2000289f    0x58  Code  Lc  usbd_udphs.o [1]
_usbd_hal_write_fifo_single
                        0x200028f7    0x3a  Code  Lc  usbd_udphs.o [1]
_xdmac_peripherals      0x2000c2cc    0xe8  Data  Lc  chip.o [1]
abort                   0x20004e01     0x6  Code  Gb  abort.o [3]
adesc_index             0x2001574e     0x1  Data  Lc  twid.o [1]
aic3204_init_default    0x20005435    0x9a  Code  Gb  main.o [1]
aic_disable             0x20005a6d    0x16  Code  Gb  aic5.o [1]
aic_enable              0x20005a57    0x16  Code  Gb  aic5.o [1]
aic_get_current_interrupt_source
                        0x20005a83     0x6  Code  Gb  aic5.o [1]
aic_initialize          0x20005a29    0x2e  Code  Gb  aic5.o [1]
app_start               0x2001574c     0x1  Data  Lc  main.o [1]
arch_irq_disable        0x200059c9     0x4  Code  Lc  aic5.o [1]
arch_irq_disable        0x20009855     0x4  Code  Lc  timer.o [1]
arch_irq_enable         0x200059c5     0x4  Code  Lc  aic5.o [1]
arch_irq_enable         0x20009851     0x4  Code  Lc  timer.o [1]
async_desc              0x200155c4    0xc4  Data  Lc  twid.o [1]
board_cfg_clocks        0x2000a145    0x58  Code  Gb  board_support.o [1]
board_cfg_console       0x2000c839    0x60  Code  Gb  board_console.o [1]
board_cfg_ddram         0x2000a44d    0x1a  Code  Gb  board_support.o [1]
board_cfg_lowlevel      0x2000a19d    0x44  Code  Gb  board_support.o [1]
board_cfg_matrix_default
                        0x2000a135     0x8  Code  Lc  board_support.o [1]
board_cfg_matrix_for_ddr
                        0x2000a3b5    0x48  Code  Gb  board_support.o [1]
board_cfg_mmu           0x2000a1e1   0x1d4  Code  Gb  board_support.o [1]
board_cfg_pmic          0x2000a467     0x2  Code  Gb  board_support.o [1]
board_cfg_spi_bus       0x2000c899    0x50  Code  Gb  board_spi.o [1]
board_cfg_ssc           0x2000cc8d    0x34  Code  Gb  board_audio.o [1]
board_cfg_timer         0x2000b879    0x14  Code  Gb  board_timer.o [1]
board_cfg_twi_bus       0x2000c5dd    0x74  Code  Gb  board_twi.o [1]
board_init              0x2000d051    0x2e  Code  Wk  board_sama5d2-xplained.o [1]
board_name              0x2000de14     0x4  Data  Lc  board_support.o [1]
bus_configure           0x20009c4b   0x12a  Code  Gb  bus.o [1]
bus_ioctl               0x20009d75    0xa8  Code  Gb  bus.o [1]
bus_is_busy             0x20009fb3    0x14  Code  Gb  bus.o [1]
bus_start_transaction   0x20009f6f    0x22  Code  Gb  bus.o [1]
bus_stop_transaction    0x20009f91    0x22  Code  Gb  bus.o [1]
bus_transfer            0x20009e1d   0x152  Code  Gb  bus.o [1]
cache_clean_region      0x20004801    0x2a  Code  Gb  cache.o [1]
cache_invalidate_region
                        0x200047d7    0x2a  Code  Gb  cache.o [1]
callback_call           0x20006d0f    0x1c  Code  Gb  callback.o [1]
callback_copy           0x20006cf3    0x1c  Code  Gb  callback.o [1]
callback_set            0x20006ce9     0xa  Code  Gb  callback.o [1]
cdc_line_coding_initialize
                        0x2000a4f1    0x10  Code  Gb  cdc_requests.o [7]
cdcd_serial             0x200156a8    0x20  Data  Lc  cdcd_serial.o [7]
cdcd_serial_configure_function
                        0x2000617b    0x12  Code  Gb  cdcd_serial.o [7]
cdcd_serial_control_line_state_changed
                        0x2000824d     0x2  Code  Wk  cdcd_serial_callbacks.o [7]
cdcd_serial_driver_WriteAudio_0
                        0x200052e1     0x8  Code  Lc  main.o [1]
cdcd_serial_driver_configuration_changed_handler
                        0x200062fb    0x16  Code  Gb  cdcd_serial_driver.o [7]
cdcd_serial_driver_descriptors
                        0x2000d22c    0x28  Data  Wk  main_descriptors.o [1]
cdcd_serial_driver_initialize
                        0x200062e5    0x16  Code  Gb  cdcd_serial_driver.o [7]
cdcd_serial_driver_request_handler
                        0x20006311    0x16  Code  Gb  cdcd_serial_driver.o [7]
cdcd_serial_driver_write
                        0x200052d9     0x8  Code  Lc  main.o [1]
cdcd_serial_event_handler
                        0x20006131    0x34  Code  Lc  cdcd_serial.o [7]
cdcd_serial_initialize  0x20006165    0x16  Code  Gb  cdcd_serial.o [7]
cdcd_serial_line_coding_is_to_change
                        0x2000824f     0x4  Code  Wk  cdcd_serial_callbacks.o [7]
cdcd_serial_port_initialize
                        0x2000847b    0x50  Code  Gb  cdcd_serial_port.o [7]
cdcd_serial_port_parse_interfaces
                        0x200084cb    0x18  Code  Gb  cdcd_serial_port.o [7]
cdcd_serial_port_request_handler
                        0x200084e3    0x62  Code  Gb  cdcd_serial_port.o [7]
cdcd_serial_port_write  0x20008545    0x18  Code  Gb  cdcd_serial_port.o [7]
cdcd_serial_request_handler
                        0x2000618d     0xc  Code  Gb  cdcd_serial.o [7]
cdcd_serial_write       0x20006199    0x14  Code  Gb  cdcd_serial.o [7]
char_recv               0x20015749     0x1  Data  Lc  main.o [1]
codec1_set_volume       0x20006e5f   0x2e0  Code  Gb  codec.o [1]
codec2_set_volume       0x2000713f   0x2e0  Code  Gb  codec.o [1]
codec_reset_pin         0x2000dd04    0x40  Data  Lc  codec.o [1]
codec_set_volume_init   0x2000741f    0x68  Code  Gb  codec.o [1]
config_aic3204          0x2000dcb0    0x54  Data  Gb  codec.o [1]
configurationDescriptorsFS
                        0x2000c6b8    0x60  Data  Gb  main_descriptors.o [1]
configurationDescriptorsHS
                        0x2000c778    0x60  Data  Gb  main_descriptors.o [1]
console                 0x200156dc    0x10  Data  Lc  console.o [1]
console_clear_screen    0x20008137     0xa  Code  Gb  console.o [1]
console_configure       0x2000800d    0x52  Code  Gb  console.o [1]
console_example_info    0x2000807d    0xba  Code  Gb  console.o [1]
console_put_char        0x2000805f    0x10  Code  Gb  console.o [1]
console_put_string      0x2000806f     0xe  Code  Gb  console.o [1]
console_reset_cursor    0x20008141     0xa  Code  Gb  console.o [1]
content                 0x2000de18     0x4  Data  Lc  main.o [1]
controllers             0x2000de04     0x8  Data  Lc  dma.o [1]
cp15_dcache_clean_mva   0x200057cd     0x6  Code  Lc  l1cache_cp15.o [1]
cp15_dcache_invalidate_mva
                        0x200057c5     0x6  Code  Lc  l1cache_cp15.o [1]
cp15_dcache_invalidate_setway
                        0x200057bd     0x6  Code  Lc  l1cache_cp15.o [1]
cp15_icache_invalidate  0x200057b5     0x8  Code  Lc  l1cache_cp15.o [1]
cp15_read_sctlr         0x200057a5     0x6  Code  Lc  l1cache_cp15.o [1]
cp15_read_sctlr         0x2000a479     0x6  Code  Lc  mmu_cp15.o [1]
cp15_write_dacr         0x2000a491     0x6  Code  Lc  mmu_cp15.o [1]
cp15_write_sctlr        0x200057ad     0x6  Code  Lc  l1cache_cp15.o [1]
cp15_write_sctlr        0x2000a481     0x6  Code  Lc  mmu_cp15.o [1]
cp15_write_ttbr0        0x2000a489     0x6  Code  Lc  mmu_cp15.o [1]
cpu_idle                0x200094d5     0x8  Code  Lc  mutex.o [1]
data_abort_irq_handler  0x2000db9d     0x2  Code  Gb  fault_handlers.o [1]
dcache_clean_region     0x200058a9    0x30  Code  Gb  l1cache_cp15.o [1]
dcache_enable           0x20005823    0x2e  Code  Gb  l1cache_cp15.o [1]
dcache_invalidate       0x20005851    0x28  Code  Gb  l1cache_cp15.o [1]
dcache_invalidate_region
                        0x20005879    0x30  Code  Gb  l1cache_cp15.o [1]
dcache_is_enabled       0x2000580b    0x18  Code  Gb  l1cache_cp15.o [1]
ddram_configure         0x2000ba77    0x24  Code  Gb  ddram.o [1]
ddram_init_descriptor   0x2000ba4b    0x2c  Code  Gb  ddram.o [1]
deviceDescriptor        0x2000d74c    0x14  Data  Gb  main_descriptors.o [1]
device_state            0x20015750     0x1  Data  Lc  usbd.o [7]
dma_allocate_channel    0x20009263    0xde  Code  Gb  dma.o [1]
dma_configure_transfer  0x2000944b    0x28  Code  Gb  dma.o [1]
dma_fifo_flush          0x2000943d     0xe  Code  Gb  dma.o [1]
dma_free_channel        0x20009385    0x2a  Code  Gb  dma.o [1]
dma_get_transferred_data_len
                        0x20009473    0x1e  Code  Gb  dma.o [1]
dma_initialize          0x20009193    0xa6  Code  Gb  dma.o [1]
dma_irq_handler         0x2000a7c9    0xb8  Code  Gb  dma_xdmac.o [1]
dma_is_transfer_done    0x200094b5    0x16  Code  Gb  dma.o [1]
dma_poll                0x20009239    0x2a  Code  Gb  dma.o [1]
dma_prepare_channel     0x2000a58b    0xb4  Code  Gb  dma_xdmac.o [1]
dma_reset_channel       0x20009341    0x44  Code  Gb  dma.o [1]
dma_set_callback        0x20009491    0x24  Code  Gb  dma.o [1]
dma_start_transfer      0x200093af    0x44  Code  Gb  dma.o [1]
dma_stop_transfer       0x20009409    0x34  Code  Gb  dma.o [1]
dmb                     0x2000beb1     0x6  Code  Lc  mpddrc.o [1]
dmb                     0x200094cd     0x6  Code  Lc  mutex.o [1]
dmb                     0x20002521     0x6  Code  Lc  usbd_udphs.o [1]
driver                  0x200156fc     0xc  Data  Lc  usbd_driver.o [7]
dsb                     0x20005795     0x6  Code  Lc  l1cache_cp15.o [1]
dsb                     0x2000a469     0x6  Code  Lc  mmu_cp15.o [1]
endpoints               0x20015148   0x240  Data  Lc  usbd_udphs.o [1]
fiqHandler              0x2000c3b4          Code  Gb  cstartup.o [1]
flexcom_select          0x20009539    0x70  Code  Gb  flexcom.o [1]
force_full_speed        0x2001574f     0x1  Data  Lc  usbd_udphs.o [1]
get_board_name          0x2000a13d     0x8  Code  Gb  board_support.o [1]
get_chip_name           0x20004aad    0x34  Code  Gb  chip.o [1]
get_configuration       0x2000861d    0x34  Code  Lc  usbd_driver.o [7]
get_configuration::data
                        0x20015752     0x1  Data  Lc  usbd_driver.o [7]
get_descriptor          0x200086f5   0x206  Code  Lc  usbd_driver.o [7]
get_device_status       0x20008651    0x74  Code  Lc  usbd_driver.o [7]
get_device_status::data
                        0x20015740     0x2  Data  Lc  usbd_driver.o [7]
get_endpoint_status     0x200086c5    0x30  Code  Lc  usbd_driver.o [7]
get_endpoint_status::data
                        0x20015742     0x2  Data  Lc  usbd_driver.o [7]
get_flexcom_addr_from_id
                        0x20005ae5    0x36  Code  Gb  chip_common.o [1]
get_flexcom_id_from_addr
                        0x20005aa5    0x40  Code  Gb  chip_common.o [1]
get_interface           0x20008991    0x2e  Code  Lc  usbd_driver.o [7]
get_peripheral_clock_matrix_div
                        0x20004afb    0x20  Code  Gb  chip.o [1]
get_peripheral_dma_channel
                        0x20004b1b    0x20  Code  Gb  chip.o [1]
get_peripheral_fifo_depth
                        0x20004bc3    0x8e  Code  Gb  chip.o [1]
get_peripheral_matrix   0x20004ae1    0x1a  Code  Gb  chip.o [1]
get_peripheral_xdma     0x20004a7d    0x30  Code  Lc  chip.o [1]
get_spi_addr_from_id    0x20005b81    0x40  Code  Gb  chip_common.o [1]
get_spi_id_from_addr    0x20005b37    0x4a  Code  Gb  chip_common.o [1]
get_ssc_id_from_addr    0x20005b1b    0x1c  Code  Gb  chip_common.o [1]
get_tc_id_from_addr     0x20005bc1    0x18  Code  Gb  chip_common.o [1]
get_twi_id_from_addr    0x20005bd9    0x4a  Code  Gb  chip_common.o [1]
get_uart_id_from_addr   0x20005c23    0x36  Code  Gb  chip_common.o [1]
get_usart_addr_from_id  0x20005c8f    0x2c  Code  Gb  chip_common.o [1]
get_usart_id_from_addr  0x20005c59    0x36  Code  Gb  chip_common.o [1]
get_xdmac_addr_from_id  0x20005cd3    0x14  Code  Gb  chip_common.o [1]
get_xdmac_id_from_addr  0x20005cbb    0x18  Code  Gb  chip_common.o [1]
handle_vbus_change      0x20008195    0x34  Code  Lc  main_usb_common.o [1]
handlers                0x20015388   0x13c  Data  Lc  irq.o [1]
handlers_pool           0x20014000   0x768  Data  Lc  irq.o [1]
hp1_x10_cur             0x20015710     0x4  Data  Lc  codec.o [1]
hp2_x10_cur             0x2001571c     0x4  Data  Lc  codec.o [1]
icache_enable           0x200057ef    0x1c  Code  Gb  l1cache_cp15.o [1]
icache_invalidate       0x200057d5     0xc  Code  Gb  l1cache_cp15.o [1]
icache_is_enabled       0x200057e1     0xe  Code  Gb  l1cache_cp15.o [1]
init_codec_rst_pin      0x20006d2d     0xe  Code  Gb  codec.o [1]
initial_dealy           0x20015730     0x4  Data  Lc  main.o [1]
irqHandler              0x2000c3f8          Code  Gb  cstartup.o [1]
irq_add_handler         0x200049eb    0x3a  Code  Gb  irq.o [1]
irq_disable             0x20004a45     0x8  Code  Gb  irq.o [1]
irq_enable              0x20004a3d     0x8  Code  Gb  irq.o [1]
irq_initialize          0x200049dd     0xe  Code  Gb  irq.o [1]
is_Tc_started           0x2001574a     0x1  Data  Lc  main.o [1]
is_cdc_serial_on        0x20015747     0x1  Data  Lc  main.o [1]
is_dest_periph          0x20008cfd    0x20  Code  Lc  dma.o [1]
is_peripheral_on_dma_controller
                        0x20004b3b    0x88  Code  Gb  chip.o [1]
is_source_periph        0x20008cdd    0x20  Code  Lc  dma.o [1]
is_ssc_started          0x2001574d     0x1  Data  Lc  main.o [1]
isb                     0x2000579d     0x6  Code  Lc  l1cache_cp15.o [1]
isb                     0x2000a471     0x6  Code  Lc  mmu_cp15.o [1]
l2cache_clean_region    0x20005975    0x3c  Code  Gb  l2cache_l2cc.o [1]
l2cache_invalidate_region
                        0x20005939    0x3c  Code  Gb  l2cache_l2cc.o [1]
l2cache_is_enabled      0x200058e1     0xc  Code  Gb  l2cache_l2cc.o [1]
l2cc_clean_pal          0x20005913    0x26  Code  Gb  l2cache_l2cc.o [1]
l2cc_invalidate_pal     0x200058ed    0x26  Code  Gb  l2cache_l2cc.o [1]
languageIdStringDescriptor
                        0x2000dba0     0x4  Data  Gb  main_descriptors.o [1]
lin1_x10_cur            0x20015718     0x4  Data  Lc  codec.o [1]
lin2_x10_cur            0x20015724     0x4  Data  Lc  codec.o [1]
line_coding             0x20015708     0x8  Data  Lc  cdcd_serial_port.o [7]
lout1_gain_cur          0x20015745     0x1  Data  Lc  codec.o [1]
lout1_x10_cur           0x20015714     0x4  Data  Lc  codec.o [1]
lout2_gain_cur          0x20015746     0x1  Data  Lc  codec.o [1]
lout2_x10_cur           0x20015720     0x4  Data  Lc  codec.o [1]
main                    0x200055f5   0x10e  Code  Gb  main.o [1]
manufacturerDescriptor  0x2000d52c    0x20  Data  Gb  main_descriptors.o [1]
matrix_configure_master
                        0x20005d6d     0x8  Code  Gb  matrix.o [1]
matrix_configure_slave  0x20005d75     0xa  Code  Gb  matrix.o [1]
matrix_configure_slave_sec
                        0x20005df3    0x20  Code  Gb  matrix.o [1]
matrix_is_peripheral_secured
                        0x20005ead    0x1e  Code  Gb  matrix.o [1]
matrix_master_priority_for_slave
                        0x20005d7f    0x74  Code  Gb  matrix.o [1]
matrix_remap_ram        0x20005ed3    0x34  Code  Gb  matrix.o [1]
matrix_remove_write_protection
                        0x20005ecb     0x8  Code  Gb  matrix.o [1]
matrix_set_default_config
                        0x20005f07    0xc4  Code  Gb  matrix.o [1]
matrix_set_slave_region_size
                        0x20005e53    0x5a  Code  Gb  matrix.o [1]
matrix_set_slave_split_addr
                        0x20005e13    0x40  Code  Gb  matrix.o [1]
memchr                  0x2000609c          Code  Gb  memchr.o [5]
mmu_configure           0x2000a497    0x32  Code  Gb  mmu_cp15.o [1]
mmu_enable              0x2000a4dd    0x14  Code  Gb  mmu_cp15.o [1]
mmu_is_enabled          0x2000a4d1     0xc  Code  Gb  mmu_cp15.o [1]
mpddrc_configure        0x2000c1a3    0xd6  Code  Gb  mpddrc.o [1]
msleep                  0x200099d9     0xa  Code  Gb  timer.o [1]
mutex_is_locked         0x20009527    0x10  Code  Gb  mutex.o [1]
mutex_lock              0x200094dd    0x16  Code  Gb  mutex.o [1]
mutex_try_lock          0x200094f5    0x24  Code  Gb  mutex.o [1]
mutex_unlock            0x20009519     0xe  Code  Gb  mutex.o [1]
next_free_handler       0x20015728     0x4  Data  Lc  irq.o [1]
otherSpeedDescriptorsFS
                        0x2000c718    0x60  Data  Gb  main_descriptors.o [1]
otherSpeedDescriptorsHS
                        0x2000c7d8    0x60  Data  Gb  main_descriptors.o [1]
pca9546                 0x2000ddf4    0x10  Data  Lc  codec.o [1]
pin_pon_a               0x2000d8e0    0x10  Data  Lc  main_usb_common.o [1]
pin_pon_b               0x2000d8f0    0x10  Data  Lc  main_usb_common.o [1]
pin_pon_c               0x2000d900    0x10  Data  Lc  main_usb_common.o [1]
pin_vbus                0x2000d8d0    0x10  Data  Lc  main_usb_common.o [1]
pio_add_handler_to_group
                        0x200069ef    0x34  Code  Gb  pio4.o [1]
pio_clear               0x200069b9    0x10  Code  Gb  pio4.o [1]
pio_configure           0x200067e9   0x1c0  Code  Gb  pio4.o [1]
pio_enable_it           0x20006a3f    0x24  Code  Gb  pio4.o [1]
pio_get                 0x200069c9    0x26  Code  Gb  pio4.o [1]
pio_reset_all_it        0x20006a23    0x1c  Code  Gb  pio4.o [1]
pio_set                 0x200069a9    0x10  Code  Gb  pio4.o [1]
pmc_configure_gck       0x2000417d    0x96  Code  Gb  pmc.o [1]
pmc_configure_peripheral
                        0x20003f2b    0x60  Code  Gb  pmc.o [1]
pmc_configure_plla      0x20003e93    0x3a  Code  Gb  pmc.o [1]
pmc_disable_external_osc
                        0x20003c7f    0x30  Code  Gb  pmc.o [1]
pmc_disable_gck         0x2000425d    0x36  Code  Gb  pmc.o [1]
pmc_disable_internal_osc
                        0x20003d1b    0x18  Code  Gb  pmc.o [1]
pmc_disable_peripheral  0x20003fc7    0x3c  Code  Gb  pmc.o [1]
pmc_disable_plla        0x20003ecd    0x12  Code  Gb  pmc.o [1]
pmc_disable_upll_bias   0x20004165    0x12  Code  Gb  pmc.o [1]
pmc_disable_upll_clock  0x20004101    0x12  Code  Gb  pmc.o [1]
pmc_enable_external_osc
                        0x20003bcb    0xb4  Code  Gb  pmc.o [1]
pmc_enable_gck          0x20004219    0x3e  Code  Gb  pmc.o [1]
pmc_enable_internal_osc
                        0x20003ced    0x2e  Code  Gb  pmc.o [1]
pmc_enable_peripheral   0x20003f8b    0x3c  Code  Gb  pmc.o [1]
pmc_enable_system_clock
                        0x20003edf    0x4c  Code  Gb  pmc.o [1]
pmc_enable_upll_bias    0x20004153    0x12  Code  Gb  pmc.o [1]
pmc_enable_upll_clock   0x2000408d    0x6a  Code  Gb  pmc.o [1]
pmc_get_audio_pmc_clock
                        0x20004395    0x42  Code  Gb  pmc.o [1]
pmc_get_gck_clock       0x20004293    0xce  Code  Gb  pmc.o [1]
pmc_get_main_clock      0x20003a87    0x1a  Code  Gb  pmc.o [1]
pmc_get_master_clock    0x20003a65    0x18  Code  Gb  pmc.o [1]
pmc_get_peripheral_clock
                        0x2000403b    0x30  Code  Gb  pmc.o [1]
pmc_get_plla_clock      0x20003aa1    0x38  Code  Gb  pmc.o [1]
pmc_get_processor_clock
                        0x20003ad9    0x3a  Code  Gb  pmc.o [1]
pmc_get_slow_clock      0x20003a7d     0xa  Code  Gb  pmc.o [1]
pmc_get_upll_clock      0x2000411d    0x36  Code  Gb  pmc.o [1]
pmc_is_gck_enabled      0x20004361    0x2c  Code  Gb  pmc.o [1]
pmc_is_peripheral_enabled
                        0x20004003    0x38  Code  Gb  pmc.o [1]
pmc_select_external_osc
                        0x20003b13    0xb8  Code  Gb  pmc.o [1]
pmc_select_internal_osc
                        0x20003caf    0x3e  Code  Gb  pmc.o [1]
pmc_set_main_oscillator_freq
                        0x200038f1   0x174  Code  Gb  pmc.o [1]
pmc_set_mck_divider     0x20003e59    0x3a  Code  Gb  pmc.o [1]
pmc_set_mck_h32mxdiv    0x20003e23    0x36  Code  Gb  pmc.o [1]
pmc_set_mck_plladiv2    0x20003ded    0x36  Code  Gb  pmc.o [1]
pmc_set_mck_prescaler   0x20003daf    0x3e  Code  Gb  pmc.o [1]
pmc_switch_mck_to_new_source
                        0x20003d33    0x30  Code  Gb  pmc.o [1]
pmc_switch_mck_to_pll   0x20003d63    0x28  Code  Gb  pmc.o [1]
pmc_switch_mck_to_slck  0x20003d8b    0x24  Code  Gb  pmc.o [1]
prefetch_abort_irq_handler
                        0x2000db9f     0x2  Code  Gb  fault_handlers.o [1]
previous_device_state   0x20015751     0x1  Data  Lc  usbd.o [7]
printf                  0x200045e1    0x2a  Code  Gb  printf.o [3]
productStringDescriptor
                        0x2000d1dc    0x28  Data  Gb  main_descriptors.o [1]
putchar                 0x2000d727    0x10  Code  Wk  syscalls.o [1]
qualifierDescriptor     0x2000da94     0xc  Data  Lc  main_descriptors.o [1]
readb                   0x2000bb79     0x6  Code  Lc  twi.o [1]
readb                   0x200061b9     0x6  Code  Lc  usart.o [1]
sec_hand                0x2001573c     0x4  Data  Lc  xfail_s.o [3]
serialNumberDescriptor  0x2000d2ec    0x24  Data  Gb  main_descriptors.o [1]
seriald_configure       0x2000a089    0x64  Code  Gb  seriald.o [1]
seriald_ops_uart        0x2000d358    0x24  Data  Lc  seriald.o [1]
seriald_put_char        0x2000a0ed    0x1c  Code  Gb  seriald.o [1]
seriald_put_string      0x2000a109    0x26  Code  Gb  seriald.o [1]
set_configuration       0x20008585    0x98  Code  Lc  usbd_driver.o [7]
set_interface           0x20008947    0x4a  Code  Lc  usbd_driver.o [7]
sfrbu_disable_ddr_backup
                        0x2000c2b1     0xe  Code  Gb  sfrbu.o [1]
sfrbu_is_ddr_backup_enabled
                        0x2000c2bf     0xa  Code  Gb  sfrbu.o [1]
slowclock_get_clock     0x20004a65    0x18  Code  Gb  slowclock_sckc.o [1]
slowclock_is_internal   0x20004a4d    0x12  Code  Gb  slowclock_sckc.o [1]
software_interrupt_irq_handler
                        0x2000db9b     0x2  Code  Gb  fault_handlers.o [1]
spi_configure           0x2000bacd    0x10  Code  Gb  spi.o [1]
spi_disable             0x2000babf     0x6  Code  Gb  spi.o [1]
spi_disable_it          0x2000bac9     0x4  Code  Gb  spi.o [1]
spi_enable              0x2000bab9     0x6  Code  Gb  spi.o [1]
spi_enable_it           0x2000bac5     0x4  Code  Gb  spi.o [1]
spi_get_masked_status   0x2000bb19    0x1e  Code  Gb  spi.o [1]
spi_mode_master_enable  0x2000badd    0x1a  Code  Gb  spi.o [1]
spi_read                0x2000bb53     0xc  Code  Gb  spi.o [1]
spi_release_cs          0x2000bb11     0x8  Code  Gb  spi.o [1]
spi_select_cs           0x2000baf7    0x1a  Code  Gb  spi.o [1]
spi_transfer            0x2000bb5f    0x14  Code  Gb  spi.o [1]
spi_write               0x2000bb41    0x12  Code  Gb  spi.o [1]
spid_configure          0x2000af31    0x50  Code  Gb  spid.o [1]
spid_configure_master   0x2000af81    0x20  Code  Gb  spid.o [1]
spid_transfer           0x2000ae91    0x7e  Code  Gb  spid.o [1]
spurious_handler        0x200059cd     0x2  Code  Lc  aic5.o [1]
ssc_configure           0x20007e2f   0x11c  Code  Gb  ssc.o [1]
ssc_configure_receiver  0x20007f67     0xa  Code  Gb  ssc.o [1]
ssc_configure_transmitter
                        0x20007f5d     0xa  Code  Gb  ssc.o [1]
ssc_dev_desc            0x2000dc2c    0x84  Data  Lc  main.o [1]
ssc_disable_receiver    0x20007f83     0x8  Code  Gb  ssc.o [1]
ssc_disable_transmitter
                        0x20007f71     0xa  Code  Gb  ssc.o [1]
ssc_enable_receiver     0x20007f7b     0x8  Code  Gb  ssc.o [1]
ssc_transfer            0x20007f8b    0x80  Code  Gb  ssc.o [1]
starting_record         0x200055af    0x46  Code  Gb  main.o [1]
strchr                  0x20005ff8          Code  Gb  strchr.o [5]
stringDescriptors       0x2000ddd8    0x1c  Data  Gb  main_descriptors.o [1]
strlen                  0x20006048          Code  Gb  strlen.o [5]
tc_configure            0x200095a9    0x30  Code  Gb  tc.o [1]
tc_counter              0x2000dd84    0x34  Data  Lc  main.o [1]
tc_enable_it            0x20009627    0x26  Code  Gb  tc.o [1]
tc_find_best_clock_source
                        0x2000964d    0x82  Code  Gb  tc.o [1]
tc_get_available_freq   0x200096f3    0x5e  Code  Gb  tc.o [1]
tc_get_channel_freq     0x20009751    0x32  Code  Gb  tc.o [1]
tc_get_cv               0x2000981f    0x26  Code  Gb  tc.o [1]
tc_get_ra_rb_rc         0x200097dd    0x42  Code  Gb  tc.o [1]
tc_get_status           0x200096cf    0x24  Code  Gb  tc.o [1]
tc_set_ra_rb_rc         0x20009783    0x5a  Code  Gb  tc.o [1]
tc_start                0x200095d9    0x28  Code  Gb  tc.o [1]
tc_stop                 0x20009601    0x26  Code  Gb  tc.o [1]
tcd_configure_counter   0x20006bc3    0x8a  Code  Gb  tcd.o [1]
tcd_start               0x20006c4d    0x94  Code  Gb  tcd.o [1]
terminate_ctrl_in_with_null
                        0x20008571    0x14  Code  Lc  usbd_driver.o [7]
test_packet_buffer      0x2000cb84    0x38  Data  Lc  usbd_udphs.o [1]
timer_configure         0x200098b1    0x7a  Code  Gb  timer.o [1]
timer_get_interval      0x2000992b    0x26  Code  Gb  timer.o [1]
timer_get_tick          0x200099b1    0x28  Code  Gb  timer.o [1]
timer_get_upper_tick_counter
                        0x20009877     0xc  Code  Lc  timer.o [1]
timer_irq_handler       0x20009883     0x8  Code  Lc  timer.o [1]
timer_sleep             0x20009993    0x1e  Code  Gb  timer.o [1]
timer_start_timeout     0x20009951    0x16  Code  Gb  timer.o [1]
timer_timeout_reached   0x20009967    0x2c  Code  Gb  timer.o [1]
timer_update_upper_tick_counter
                        0x20009859    0x1e  Code  Lc  timer.o [1]
tlb                     0x20010000  0x4000  Data  Lc  board_support.o [1]
trace_level             0x2000de1c     0x4  Data  Gb  trace.o [1]
twi_configure_master    0x2000bb81    0xd4  Code  Gb  twi.o [1]
twi_disable_it          0x2000be03    0x1c  Code  Gb  twi.o [1]
twi_enable_it           0x2000bde7    0x1c  Code  Gb  twi.o [1]
twi_get_masked_status   0x2000be43    0x20  Code  Gb  twi.o [1]
twi_get_status          0x2000be29    0x1a  Code  Gb  twi.o [1]
twi_init_read           0x2000bc55    0x76  Code  Gb  twi.o [1]
twi_init_write          0x2000bd17    0x72  Code  Gb  twi.o [1]
twi_is_byte_received    0x2000bd89    0x20  Code  Gb  twi.o [1]
twi_is_byte_sent        0x2000bda9    0x20  Code  Gb  twi.o [1]
twi_is_transfer_complete
                        0x2000bdc9    0x1e  Code  Gb  twi.o [1]
twi_read_byte           0x2000bccb    0x26  Code  Gb  twi.o [1]
twi_send_start_condition
                        0x2000be81    0x1e  Code  Gb  twi.o [1]
twi_send_stop_condition
                        0x2000be63    0x1e  Code  Gb  twi.o [1]
twi_write_byte          0x2000bcf1    0x26  Code  Gb  twi.o [1]
twid_configure          0x2000b6d1    0xb0  Code  Gb  twid.o [1]
twid_is_busy            0x2000b841     0xa  Code  Gb  twid.o [1]
twid_transfer           0x2000b7b5    0x8c  Code  Gb  twid.o [1]
twid_wait_transfer      0x2000b84b    0x1c  Code  Gb  twid.o [1]
tx_done_flag            0x2000de20     0x1  Data  Lc  main.o [1]
uart_configure          0x2000c4e9    0x2e  Code  Gb  uart.o [1]
uart_disable_it         0x2000c51b     0x4  Code  Gb  uart.o [1]
uart_enable_it          0x2000c517     0x4  Code  Gb  uart.o [1]
uart_get_char           0x2000c551    0x14  Code  Gb  uart.o [1]
uart_is_rx_ready        0x2000c549     0x8  Code  Gb  uart.o [1]
uart_is_tx_empty        0x2000c529     0xa  Code  Gb  uart.o [1]
uart_is_tx_ready        0x2000c51f     0xa  Code  Gb  uart.o [1]
uart_put_char           0x2000c533    0x16  Code  Gb  uart.o [1]
undefined_instruction_irq_handler
                        0x2000db99     0x2  Code  Gb  fault_handlers.o [1]
usart_configure         0x200061bf    0x34  Code  Gb  usart.o [1]
usart_desc              0x2000dba8    0x84  Data  Lc  main.o [1]
usart_disable_it        0x20006215     0x4  Code  Gb  usart.o [1]
usart_enable_it         0x20006211     0x4  Code  Gb  usart.o [1]
usart_fifo_configure    0x2000628f    0x2e  Code  Gb  usart.o [1]
usart_fifo_enable       0x200062bd     0xa  Code  Gb  usart.o [1]
usart_get_char          0x20006279    0x16  Code  Gb  usart.o [1]
usart_get_masked_status
                        0x200061f3    0x1e  Code  Gb  usart.o [1]
usart_irq_handler       0x200052e9    0x5e  Code  Lc  main.o [1]
usart_pins              0x2000d50c    0x20  Data  Lc  main.o [1]
usart_put_char          0x20006267    0x12  Code  Gb  usart.o [1]
usart_rx_flag           0x20015748     0x1  Data  Lc  main.o [1]
usart_set_receiver_enabled
                        0x2000622b    0x12  Code  Gb  usart.o [1]
usart_set_rx_timeout    0x2000623d    0x2a  Code  Gb  usart.o [1]
usart_set_transmitter_enabled
                        0x20006219    0x12  Code  Gb  usart.o [1]
usartd_configure        0x20006511   0x14a  Code  Gb  usartd.o [1]
usb_configuration_descriptor_get_total_length
                        0x200048a9     0x4  Code  Gb  usb_descriptors.o [7]
usb_configuration_descriptor_is_self_powered
                        0x200048ad     0xe  Code  Gb  usb_descriptors.o [7]
usb_configuration_descriptor_parse
                        0x200048bb    0x7e  Code  Gb  usb_descriptors.o [7]
usb_endpoint_descriptor_get_direction
                        0x2000488f     0xe  Code  Gb  usb_descriptors.o [7]
usb_endpoint_descriptor_get_max_packet_size
                        0x200048a5     0x4  Code  Gb  usb_descriptors.o [7]
usb_endpoint_descriptor_get_number
                        0x20004887     0x8  Code  Gb  usb_descriptors.o [7]
usb_endpoint_descriptor_get_type
                        0x2000489d     0x8  Code  Gb  usb_descriptors.o [7]
usb_feature_request_get_feature_selector
                        0x2000a571     0xa  Code  Gb  usb_requests.o [7]
usb_feature_request_get_test_selector
                        0x2000a57b     0xe  Code  Gb  usb_requests.o [7]
usb_generic_descriptor_get_length
                        0x2000482b     0x4  Code  Gb  usb_descriptors.o [7]
usb_generic_descriptor_get_next_descriptor
                        0x20004833     0xe  Code  Gb  usb_descriptors.o [7]
usb_generic_descriptor_get_type
                        0x2000482f     0x4  Code  Gb  usb_descriptors.o [7]
usb_generic_descriptor_parse
                        0x20004841    0x46  Code  Gb  usb_descriptors.o [7]
usb_generic_request_get_endpoint_number
                        0x2000a51b     0xc  Code  Gb  usb_requests.o [7]
usb_generic_request_get_index
                        0x2000a513     0x4  Code  Gb  usb_requests.o [7]
usb_generic_request_get_length
                        0x2000a517     0x4  Code  Gb  usb_requests.o [7]
usb_generic_request_get_recipient
                        0x2000a527     0x8  Code  Gb  usb_requests.o [7]
usb_generic_request_get_request
                        0x2000a50b     0x4  Code  Gb  usb_requests.o [7]
usb_generic_request_get_type
                        0x2000a501     0xa  Code  Gb  usb_requests.o [7]
usb_generic_request_get_value
                        0x2000a50f     0x4  Code  Gb  usb_requests.o [7]
usb_get_descriptor_request_get_descriptor_index
                        0x2000a53d     0xa  Code  Gb  usb_requests.o [7]
usb_get_descriptor_request_get_descriptor_type
                        0x2000a52f     0xe  Code  Gb  usb_requests.o [7]
usb_interface_request_get_alternate_setting
                        0x2000a567     0xa  Code  Gb  usb_requests.o [7]
usb_interface_request_get_interface
                        0x2000a55d     0xa  Code  Gb  usb_requests.o [7]
usb_power_configure     0x2000820d    0x1c  Code  Gb  main_usb_common.o [1]
usb_serial_read1        0x2001574b     0x1  Data  Lc  main.o [1]
usb_set_address_request_get_address
                        0x2000a547     0xc  Code  Gb  usb_requests.o [7]
usb_set_configuration_request_get_configuration
                        0x2000a553     0xa  Code  Gb  usb_requests.o [7]
usb_vbus_configure      0x200081d9    0x34  Code  Gb  main_usb_common.o [1]
usbd_callbacks_initialized
                        0x20005791     0x2  Code  Wk  usbd_callbacks.o [7]
usbd_callbacks_request_received
                        0x20005351     0x8  Code  Gb  main.o [1]
usbd_callbacks_reset    0x200052d5     0x2  Code  Wk  usbd_callbacks.o [7]
usbd_callbacks_resumed  0x200052d3     0x2  Code  Wk  usbd_callbacks.o [7]
usbd_callbacks_suspended
                        0x200052d1     0x2  Code  Wk  usbd_callbacks.o [7]
usbd_configure_endpoint
                        0x2000469b     0x8  Code  Gb  usbd.o [7]
usbd_connect            0x20004771     0x8  Code  Gb  usbd.o [7]
usbd_disconnect         0x20004779    0x24  Code  Gb  usbd.o [7]
usbd_driver_callbacks_configuration_changed
                        0x20005347     0xa  Code  Gb  main.o [1]
usbd_driver_callbacks_interface_setting_changed
                        0x2000a589     0x2  Code  Wk  usbd_driver_callbacks.o [7]
usbd_driver_get_cfg_descriptors
                        0x20008a45    0x1c  Code  Gb  usbd_driver.o [7]
usbd_driver_initialize  0x20008a1d    0x28  Code  Gb  usbd_driver.o [7]
usbd_driver_request_handler
                        0x20008a61   0x24e  Code  Gb  usbd_driver.o [7]
usbd_driver_test        0x200089bf    0x54  Code  Lc  usbd_driver.o [7]
usbd_get_state          0x200047b5     0x6  Code  Gb  usbd.o [7]
usbd_hal_activate       0x20003629    0x10  Code  Gb  usbd_udphs.o [1]
usbd_hal_configure      0x200030b5   0x230  Code  Gb  usbd_udphs.o [1]
usbd_hal_connect        0x20003397    0x32  Code  Gb  usbd_udphs.o [1]
usbd_hal_disconnect     0x200033cd    0x32  Code  Gb  usbd_udphs.o [1]
usbd_hal_halt           0x20003543    0x64  Code  Gb  usbd_udphs.o [1]
usbd_hal_init           0x2000343b    0xce  Code  Gb  usbd_udphs.o [1]
usbd_hal_is_halted      0x200035f1    0x18  Code  Gb  usbd_udphs.o [1]
usbd_hal_is_high_speed  0x20003609     0xa  Code  Gb  usbd_udphs.o [1]
usbd_hal_read           0x20003365    0x32  Code  Gb  usbd_udphs.o [1]
usbd_hal_reset_endpoints
                        0x20003039    0x72  Code  Gb  usbd_udphs.o [1]
usbd_hal_set_address    0x200033ff    0x34  Code  Gb  usbd_udphs.o [1]
usbd_hal_set_configuration
                        0x20003439     0x2  Code  Gb  usbd_udphs.o [1]
usbd_hal_set_transfer_callback
                        0x200032e5    0x1e  Code  Gb  usbd_udphs.o [1]
usbd_hal_stall          0x2000350d    0x36  Code  Gb  usbd_udphs.o [1]
usbd_hal_suspend        0x20003619    0x10  Code  Gb  usbd_udphs.o [1]
usbd_hal_test           0x20003639    0xa2  Code  Gb  usbd_udphs.o [1]
usbd_hal_unhalt         0x200035a7    0x4a  Code  Gb  usbd_udphs.o [1]
usbd_hal_write          0x20003311    0x4e  Code  Gb  usbd_udphs.o [1]
usbd_halt               0x200046f1     0xa  Code  Gb  usbd.o [7]
usbd_init               0x2000479d    0x18  Code  Gb  usbd.o [7]
usbd_is_halted          0x20004705     0xa  Code  Gb  usbd.o [7]
usbd_is_high_speed      0x2000470f     0x8  Code  Gb  usbd.o [7]
usbd_read               0x200046cf    0x22  Code  Gb  usbd.o [7]
usbd_request_handler    0x20004677    0x24  Code  Gb  usbd.o [7]
usbd_reset_handler      0x20004653    0x24  Code  Gb  usbd.o [7]
usbd_resume_handler     0x2000462f    0x24  Code  Gb  usbd.o [7]
usbd_set_address        0x20004721    0x22  Code  Gb  usbd.o [7]
usbd_set_address_callback
                        0x20008a13     0xa  Code  Lc  usbd_driver.o [7]
usbd_set_configuration  0x20004743    0x2e  Code  Gb  usbd.o [7]
usbd_stall              0x20004717     0xa  Code  Gb  usbd.o [7]
usbd_suspend_handler    0x2000460d    0x22  Code  Gb  usbd.o [7]
usbd_test               0x200047cd     0xa  Code  Gb  usbd.o [7]
usbd_unhalt             0x200046fb     0xa  Code  Gb  usbd.o [7]
usbd_write              0x200046a3    0x2c  Code  Gb  usbd.o [7]
usleep                  0x200099e3    0xa4  Code  Gb  timer.o [1]
vbus_pio_handler        0x200081c9    0x10  Code  Lc  main_usb_common.o [1]
wdt_disable             0x2000b869     0xa  Code  Gb  wdt.o [1]
writeb                  0x2000bb75     0x4  Code  Lc  twi.o [1]
writeb                  0x200061b5     0x4  Code  Lc  usart.o [1]
writehw                 0x2000bab5     0x4  Code  Lc  spi.o [1]
xdmac_disable_channel   0x2000a8b9    0x28  Code  Gb  xdmac.o [1]
xdmac_disable_channel_it
                        0x2000a913    0x2a  Code  Gb  xdmac.o [1]
xdmac_disable_global_it
                        0x2000a885     0x4  Code  Gb  xdmac.o [1]
xdmac_enable_channel    0x2000a88d    0x2c  Code  Gb  xdmac.o [1]
xdmac_enable_channel_it
                        0x2000a8e5    0x2e  Code  Gb  xdmac.o [1]
xdmac_enable_global_it  0x2000a881     0x4  Code  Gb  xdmac.o [1]
xdmac_fifo_flush        0x2000ab77    0x26  Code  Gb  xdmac.o [1]
xdmac_get_channel_isr   0x2000a965    0x28  Code  Gb  xdmac.o [1]
xdmac_get_channel_it_mask
                        0x2000a93d    0x28  Code  Gb  xdmac.o [1]
xdmac_get_global_channel_status
                        0x2000a8e1     0x4  Code  Gb  xdmac.o [1]
xdmac_get_global_isr    0x2000a889     0x4  Code  Gb  xdmac.o [1]
xdmac_get_microblock_control
                        0x2000aa69    0x2e  Code  Gb  xdmac.o [1]
xdmac_set_block_control
                        0x2000aa97    0x2c  Code  Gb  xdmac.o [1]
xdmac_set_channel_config
                        0x2000aac3    0x2c  Code  Gb  xdmac.o [1]
xdmac_set_data_stride_mem_pattern
                        0x2000aaef    0x2c  Code  Gb  xdmac.o [1]
xdmac_set_descriptor_addr
                        0x2000a9e1    0x32  Code  Gb  xdmac.o [1]
xdmac_set_descriptor_control
                        0x2000aa13    0x2a  Code  Gb  xdmac.o [1]
xdmac_set_dest_addr     0x2000a9b7    0x2a  Code  Gb  xdmac.o [1]
xdmac_set_dest_microblock_stride
                        0x2000ab49    0x2e  Code  Gb  xdmac.o [1]
xdmac_set_microblock_control
                        0x2000aa3d    0x2c  Code  Gb  xdmac.o [1]
xdmac_set_src_addr      0x2000a98d    0x2a  Code  Gb  xdmac.o [1]
xdmac_set_src_microblock_stride
                        0x2000ab1b    0x2e  Code  Gb  xdmac.o [1]
xdmacd_configure_transfer
                        0x2000a63f   0x18a  Code  Gb  dma_xdmac.o [1]


[1] = E:\AB05-Test\ab05-sample2\ab05\project\Debug\Obj
[2] = command line
[3] = dl7Sx_tln.a
[4] = m7Sx_tlv.a
[5] = rt7Sx_tl.a
[6] = sh7Sxs_l.a
[7] = usb_device.a

   41 528 bytes of readonly  code memory
       60 bytes of readwrite code memory
    5 424 bytes of readonly  data memory
  565 608 bytes of readwrite data memory

Errors: none
Warnings: none
